[32m[1m  Activating[22m[39m project at `~/purdue/ICNN-conterfatual`
[33m[1m┌ [22m[39m[33m[1mWarning: [22m[39mReplacing docs for `Main.ICNN.enforcing_convexity! :: Tuple{Main.ICNN.AbstractICNN}` in module `Main.ICNN`
[33m[1m└ [22m[39m[90m@ Base.Docs docs/Docs.jl:249[39m
[33m[1m┌ [22m[39m[33m[1mWarning: [22m[39mReplacing docs for `Main.ICNN.initialize_convex! :: Tuple{Main.ICNN.AbstractICNN}` in module `Main.ICNN`
[33m[1m└ [22m[39m[90m@ Base.Docs docs/Docs.jl:249[39m
[33m[1m┌ [22m[39m[33m[1mWarning: [22m[39mReplacing docs for `Main.ICNN.predict :: Tuple{Main.ICNN.AbstractICNN, Any}` in module `Main.ICNN`
[33m[1m└ [22m[39m[90m@ Base.Docs docs/Docs.jl:249[39m
[33m[1m┌ [22m[39m[33m[1mWarning: [22m[39mReplacing docs for `Main.ICNN.mse_loss :: Tuple{Main.ICNN.AbstractICNN, Any, Any}` in module `Main.ICNN`
[33m[1m└ [22m[39m[90m@ Base.Docs docs/Docs.jl:249[39m
[33m[1m┌ [22m[39m[33m[1mWarning: [22m[39mReplacing docs for `Main.ICNN.train! :: Union{Tuple{Main.ICNN.AbstractICNN, Any, Any}, Tuple{Main.ICNN.AbstractICNN, Any, Any, Int64}}` in module `Main.ICNN`
[33m[1m└ [22m[39m[90m@ Base.Docs docs/Docs.jl:249[39m
================================================================================
Comprehensive Benchmark: ECP vs ESH vs MILP
================================================================================

Loading model: /home/gabemed/purdue/ICNN-conterfatual/examples/../tmp/dcopf_experiment/best_model.bson
✓ Model loaded

Loading data: /home/gabemed/purdue/ICNN-conterfatual/examples/../icnn/data/data_pglib_opf_case118_ieee.bson
[36m[1m[ [22m[39m[36m[1mInfo: [22m[39mLoaded DCOPF data from /home/gabemed/purdue/ICNN-conterfatual/examples/../icnn/data/data_pglib_opf_case118_ieee.bson
[36m[1m[ [22m[39m[36m[1mInfo: [22m[39m  Samples: 5000
[36m[1m[ [22m[39m[36m[1mInfo: [22m[39m  Features: 236
[36m[1m[ [22m[39m[36m[1mInfo: [22m[39m  Objective range: [82576.81053217081, 102461.54490145156]
[36m[1m[ [22m[39m[36m[1mInfo: [22m[39mDataset prepared:
[36m[1m[ [22m[39m[36m[1mInfo: [22m[39m  Training samples: 4000
[36m[1m[ [22m[39m[36m[1mInfo: [22m[39m  Test samples: 1000
[36m[1m[ [22m[39m[36m[1mInfo: [22m[39m  Features: 236
[36m[1m[ [22m[39m[36m[1mInfo: [22m[39m  Normalization: none
✓ Loaded 1000 test samples

Selected 4 test cases from cost quantiles: [0.5, 0.6, 0.7, 0.75, 0.8, 0.85, 0.9, 0.95]

Benchmark Parameters:
  Test cases: 4
  Reduction target: 40.0%
  Epsilon: 0.2% of target
  Sparsity weight: 0.05
  OA max iterations: 50
  MILP time limit: 300.0s
  X bounds: [0.0, 4.1]

================================================================================
Test Case 1/4 (Sample #3)
================================================================================
  y_factual = 99674.72
  y_target = 59804.83
  Reduction: 40.0%
  Epsilon: 119.6097

--------------------------------------------------------------------------------
Method 1/3: ECP (Extended Cutting Plane)
--------------------------------------------------------------------------------
Set parameter Username
Set parameter LicenseID to value 2707036
Academic license - for non-commercial use only - expires 2026-09-10
  Status: optimal
  Time: 7.57s
  Iterations: 30
  Distance: 15.3863
  Changed: 13 features
  Prediction: 59924.44

--------------------------------------------------------------------------------
Method 2/3: ESH (Extended Supporting Hyperplane)
--------------------------------------------------------------------------------
Set parameter Username
Set parameter LicenseID to value 2707036
Academic license - for non-commercial use only - expires 2026-09-10
Set parameter Username
Set parameter LicenseID to value 2707036
Academic license - for non-commercial use only - expires 2026-09-10
  Status: no_solution
  Time: 6.19s
  Iterations: 50

--------------------------------------------------------------------------------
Method 3/3: MILP (Full Mixed-Integer Programming)
--------------------------------------------------------------------------------
Factual: y = 99674.72
Target: y = 59804.8312 ± 119.6096625
Parameters: sparsity=0.05, time_limit=300.0s
Set parameter Username
Set parameter LicenseID to value 2707036
Academic license - for non-commercial use only - expires 2026-09-10
Solving MIP...
✓ Found counterfactual!
  Distance: 15.3863
  Changed features: 13/236
  Predicted value: 59924.4409
  Target error: 119.609662
  Solve time: 1.11s

  Changed features (showing up to 20):
    Feature  15: 1.1524 → 0.0000 (Δ = -1.1524)
    Feature  18: 0.6312 → 0.0000 (Δ = -0.6312)
    Feature  42: 0.9119 → 0.0000 (Δ = -0.9119)
    Feature  49: 0.7505 → 0.0000 (Δ = -0.7505)
    Feature  54: 1.1433 → 0.0000 (Δ = -1.1433)
    Feature  55: 0.6813 → 0.0000 (Δ = -0.6813)
    Feature  56: 0.8508 → 0.0000 (Δ = -0.8508)
    Feature  59: 3.1551 → 0.0000 (Δ = -3.1551)
    Feature  60: 0.8790 → 0.0000 (Δ = -0.8790)
    Feature  62: 0.8316 → 0.0000 (Δ = -0.8316)
    Feature  80: 1.6238 → 0.1975 (Δ = -1.4263)
    Feature 112: 0.7118 → 0.0000 (Δ = -0.7118)
    Feature 116: 2.2612 → 0.0000 (Δ = -2.2612)
  Status: OPTIMAL
  Time: 1.11s

================================================================================
Test Case 2/4 (Sample #4)
================================================================================
  y_factual = 95440.16
  y_target = 57264.1
  Reduction: 40.0%
  Epsilon: 114.5282

--------------------------------------------------------------------------------
Method 1/3: ECP (Extended Cutting Plane)
--------------------------------------------------------------------------------
Set parameter Username
Set parameter LicenseID to value 2707036
Academic license - for non-commercial use only - expires 2026-09-10
  Status: optimal
  Time: 2.08s
  Iterations: 23
  Distance: 14.7612
  Changed: 13 features
  Prediction: 57378.62

--------------------------------------------------------------------------------
Method 2/3: ESH (Extended Supporting Hyperplane)
--------------------------------------------------------------------------------
Set parameter Username
Set parameter LicenseID to value 2707036
Academic license - for non-commercial use only - expires 2026-09-10
Set parameter Username
Set parameter LicenseID to value 2707036
Academic license - for non-commercial use only - expires 2026-09-10
  Status: no_solution
  Time: 4.79s
  Iterations: 50

--------------------------------------------------------------------------------
Method 3/3: MILP (Full Mixed-Integer Programming)
--------------------------------------------------------------------------------
Factual: y = 95440.164
Target: y = 57264.0984 ± 114.52819687499999
Parameters: sparsity=0.05, time_limit=300.0s
Set parameter Username
Set parameter LicenseID to value 2707036
Academic license - for non-commercial use only - expires 2026-09-10
Solving MIP...
✓ Found counterfactual!
  Distance: 14.7611
  Changed features: 13/236
  Predicted value: 57378.6266
  Target error: 114.528197
  Solve time: 1.18s

  Changed features (showing up to 20):
    Feature  11: 0.8384 → 0.0000 (Δ = -0.8384)
    Feature  15: 0.7535 → 0.0000 (Δ = -0.7535)
    Feature  18: 0.6523 → 0.0000 (Δ = -0.6523)
    Feature  42: 0.7937 → 0.0000 (Δ = -0.7937)
    Feature  49: 0.6856 → 0.0000 (Δ = -0.6856)
    Feature  54: 1.0005 → 0.0000 (Δ = -1.0005)
    Feature  56: 1.0065 → 0.0000 (Δ = -1.0065)
    Feature  59: 3.0339 → 0.0000 (Δ = -3.0339)
    Feature  60: 0.9954 → 0.0000 (Δ = -0.9954)
    Feature  62: 0.7918 → 0.0000 (Δ = -0.7918)
    Feature  80: 1.6793 → 0.0000 (Δ = -1.6793)
    Feature 112: 0.6571 → 0.0000 (Δ = -0.6571)
    Feature 116: 1.8976 → 0.0244 (Δ = -1.8732)
  Status: OPTIMAL
  Time: 1.18s

================================================================================
Test Case 3/4 (Sample #12)
================================================================================
  y_factual = 96844.52
  y_target = 58106.71
  Reduction: 40.0%
  Epsilon: 116.2134

--------------------------------------------------------------------------------
Method 1/3: ECP (Extended Cutting Plane)
--------------------------------------------------------------------------------
Set parameter Username
Set parameter LicenseID to value 2707036
Academic license - for non-commercial use only - expires 2026-09-10
  Status: optimal
  Time: 3.89s
  Iterations: 36
  Distance: 14.9302
  Changed: 13 features
  Prediction: 58222.92

--------------------------------------------------------------------------------
Method 2/3: ESH (Extended Supporting Hyperplane)
--------------------------------------------------------------------------------
Set parameter Username
Set parameter LicenseID to value 2707036
Academic license - for non-commercial use only - expires 2026-09-10
Set parameter Username
Set parameter LicenseID to value 2707036
Academic license - for non-commercial use only - expires 2026-09-10
  Status: optimal
  Time: 3.04s
  Iterations: 33
  Distance: 14.9302
  Changed: 13 features
  Prediction: 58222.92

--------------------------------------------------------------------------------
Method 3/3: MILP (Full Mixed-Integer Programming)
--------------------------------------------------------------------------------
Factual: y = 96844.516
Target: y = 58106.7094 ± 116.21341875
Parameters: sparsity=0.05, time_limit=300.0s
Set parameter Username
Set parameter LicenseID to value 2707036
Academic license - for non-commercial use only - expires 2026-09-10
Solving MIP...
✓ Found counterfactual!
  Distance: 14.9302
  Changed features: 13/236
  Predicted value: 58222.9228
  Target error: 116.213419
  Solve time: 1.07s

  Changed features (showing up to 20):
    Feature  15: 1.0886 → 0.0107 (Δ = -1.0779)
    Feature  18: 0.7649 → 0.0000 (Δ = -0.7649)
    Feature  42: 1.1449 → 0.0000 (Δ = -1.1449)
    Feature  49: 1.0140 → 0.0000 (Δ = -1.0140)
    Feature  54: 0.8715 → 0.0000 (Δ = -0.8715)
    Feature  55: 0.6840 → 0.0000 (Δ = -0.6840)
    Feature  56: 0.7209 → 0.0000 (Δ = -0.7209)
    Feature  59: 3.5646 → 0.0000 (Δ = -3.5646)
    Feature  60: 0.8108 → 0.0000 (Δ = -0.8108)
    Feature  62: 0.7939 → 0.0000 (Δ = -0.7939)
    Feature  80: 1.4765 → 0.4017 (Δ = -1.0748)
    Feature 112: 0.6611 → 0.0000 (Δ = -0.6611)
    Feature 116: 1.7470 → 0.0000 (Δ = -1.7470)
  Status: OPTIMAL
  Time: 1.07s

================================================================================
Test Case 4/4 (Sample #29)
================================================================================
  y_factual = 97863.88
  y_target = 58718.32
  Reduction: 40.0%
  Epsilon: 117.4366

--------------------------------------------------------------------------------
Method 1/3: ECP (Extended Cutting Plane)
--------------------------------------------------------------------------------
Set parameter Username
Set parameter LicenseID to value 2707036
Academic license - for non-commercial use only - expires 2026-09-10
  Status: optimal
  Time: 4.37s
  Iterations: 39
  Distance: 15.1577
  Changed: 12 features
  Prediction: 58835.76

--------------------------------------------------------------------------------
Method 2/3: ESH (Extended Supporting Hyperplane)
--------------------------------------------------------------------------------
Set parameter Username
Set parameter LicenseID to value 2707036
Academic license - for non-commercial use only - expires 2026-09-10
Set parameter Username
Set parameter LicenseID to value 2707036
Academic license - for non-commercial use only - expires 2026-09-10
  Status: optimal
  Time: 4.49s
  Iterations: 38
  Distance: 15.1577
  Changed: 12 features
  Prediction: 58835.76

--------------------------------------------------------------------------------
Method 3/3: MILP (Full Mixed-Integer Programming)
--------------------------------------------------------------------------------
Factual: y = 97863.875
Target: y = 58718.325 ± 117.43665
Parameters: sparsity=0.05, time_limit=300.0s
Set parameter Username
Set parameter LicenseID to value 2707036
Academic license - for non-commercial use only - expires 2026-09-10
Solving MIP...
✓ Found counterfactual!
  Distance: 15.1577
  Changed features: 12/236
  Predicted value: 58835.7616
  Target error: 117.43665
  Solve time: 1.52s

  Changed features (showing up to 20):
    Feature  15: 1.0002 → 0.0000 (Δ = -1.0002)
    Feature  40: 0.8280 → 0.0000 (Δ = -0.8280)
    Feature  42: 1.2025 → 0.0000 (Δ = -1.2025)
    Feature  49: 1.0308 → 0.0000 (Δ = -1.0308)
    Feature  54: 0.8918 → 0.0000 (Δ = -0.8918)
    Feature  56: 0.9457 → 0.0000 (Δ = -0.9457)
    Feature  59: 3.4345 → 0.0000 (Δ = -3.4345)
    Feature  60: 0.6772 → 0.0000 (Δ = -0.6772)
    Feature  76: 0.7416 → 0.0000 (Δ = -0.7416)
    Feature  90: 1.7706 → 0.1378 (Δ = -1.6328)
    Feature 112: 0.6257 → 0.0000 (Δ = -0.6257)
    Feature 116: 2.1471 → 0.0000 (Δ = -2.1471)
  Status: OPTIMAL
  Time: 1.52s

================================================================================
BENCHMARK SUMMARY
================================================================================

Success Rate:
  ECP:   4/ 4 (100.0%)
  ESH:   2/ 4 (50.0%)
  MILP:  0/ 4 (0.0%)

[91m[1mERROR: [22m[39mLoadError: A `nothing` value was found in column 2 and it is not a printable value.
There are several ways to handle this situation:
1) fix the data, perhaps replace `nothing` with `missing`,
2) use `transform` option with a function to replace `nothing` with whatever value (including `missing`), like `CSV.write(...; transform=(col, val) -> something(val, missing))` or
3) use `TableOperations.transform` option to transform specific columns

Stacktrace:
  [1] [0m[1merror[22m[0m[1m([22m[90ms[39m::[0mString[0m[1m)[22m
[90m    @[39m [90mBase[39m [90m./[39m[90m[4merror.jl:44[24m[39m
  [2] [0m[1mnothingerror[22m[0m[1m([22m[90mcol[39m::[0mInt64[0m[1m)[22m
[90m    @[39m [35mCSV[39m [90m~/.julia/packages/CSV/XLcqT/src/[39m[90m[4mwrite.jl:344[24m[39m
  [3] [0m[1m(::CSV.var"#writerow##0#writerow##1"{Vector{UInt8}, Base.RefValue{Int64}, Int64, IOStream, Int64, CSV.Options{UInt8, UInt8, Nothing, Tuple{}, typeof(CSV._identity)}, UInt8, UInt8})[22m[0m[1m([22m[90mval[39m::[0mNothing, [90mcol[39m::[0mInt64, [90mnm[39m::[0mSymbol[0m[1m)[22m
[90m    @[39m [35mCSV[39m [90m~/.julia/packages/CSV/XLcqT/src/[39m[90m[4mwrite.jl:361[24m[39m
  [4] [0m[1meachcolumn[22m
[90m    @[39m [90m~/.julia/packages/Tables/cRTb7/src/[39m[90m[4mutils.jl:70[24m[39m[90m [inlined][39m
  [5] [0m[1mwriterow[22m[0m[1m([22m[90mbuf[39m::[0mVector[90m{UInt8}[39m, [90mpos[39m::[0mBase.RefValue[90m{Int64}[39m, [90mlen[39m::[0mInt64, [90mio[39m::[0mIOStream, [90msch[39m::[0mTables.Schema[90m{(:ecp_objective, :esh_num_changed, :milp_status, :y_factual, :ecp_status, :esh_objective, :epsilon, :ecp_time, :ecp_prediction, :milp_time, :milp_distance, :milp_prediction, :y_target, :ecp_num_changed, :esh_iterations, :esh_cuts, :esh_distance, :esh_prediction, :ecp_iterations, :milp_num_changed, :ecp_distance, :esh_status, :case_num, :test_idx, :ecp_cuts, :esh_time), Tuple{Float64, Union{Nothing, Int64}, TerminationStatusCode, Float64, Symbol, Float64, Float64, Float64, Float64, Float64, Float64, Float64, Float64, Int64, Int64, Int64, Float64, Union{Nothing, Float64}, Int64, Int64, Float32, Symbol, Int64, Int64, Int64, Float64}}[39m, [90mrow[39m::[0mDataFrameRow[90m{DataFrame, DataFrames.Index}[39m, [90mcols[39m::[0mInt64, [90mopts[39m::[0mCSV.Options[90m{UInt8, UInt8, Nothing, Tuple{}, typeof(CSV._identity)}[39m[0m[1m)[22m
[90m    @[39m [35mCSV[39m [90m~/.julia/packages/CSV/XLcqT/src/[39m[90m[4mwrite.jl:358[24m[39m
  [6] [0m[1m(::CSV.var"#90#91"{Bool, Bool, Tables.Schema{(:ecp_objective, :esh_num_changed, :milp_status, :y_factual, :ecp_status, :esh_objective, :epsilon, :ecp_time, :ecp_prediction, :milp_time, :milp_distance, :milp_prediction, :y_target, :ecp_num_changed, :esh_iterations, :esh_cuts, :esh_distance, :esh_prediction, :ecp_iterations, :milp_num_changed, :ecp_distance, :esh_status, :case_num, :test_idx, :ecp_cuts, :esh_time), Tuple{Float64, Union{Nothing, Int64}, TerminationStatusCode, Float64, Symbol, Float64, Float64, Float64, Float64, Float64, Float64, Float64, Float64, Int64, Int64, Int64, Float64, Union{Nothing, Float64}, Int64, Int64, Float32, Symbol, Int64, Int64, Int64, Float64}}, DataFrames.DataFrameRows{DataFrame}, CSV.Options{UInt8, UInt8, Nothing, Tuple{}, typeof(CSV._identity)}, Vector{UInt8}, Int64, Int64, NTuple{26, Symbol}})[22m[0m[1m([22m[90mio[39m::[0mIOStream[0m[1m)[22m
[90m    @[39m [35mCSV[39m [90m~/.julia/packages/CSV/XLcqT/src/[39m[90m[4mwrite.jl:225[24m[39m
  [7] [0m[1mwith[22m[0m[1m([22m[90mf[39m::[0mCSV.var"#90#91"[90m{Bool, Bool, Tables.Schema{(:ecp_objective, :esh_num_changed, :milp_status, :y_factual, :ecp_status, :esh_objective, :epsilon, :ecp_time, :ecp_prediction, :milp_time, :milp_distance, :milp_prediction, :y_target, :ecp_num_changed, :esh_iterations, :esh_cuts, :esh_distance, :esh_prediction, :ecp_iterations, :milp_num_changed, :ecp_distance, :esh_status, :case_num, :test_idx, :ecp_cuts, :esh_time), Tuple{Float64, Union{Nothing, Int64}, TerminationStatusCode, Float64, Symbol, Float64, Float64, Float64, Float64, Float64, Float64, Float64, Float64, Int64, Int64, Int64, Float64, Union{Nothing, Float64}, Int64, Int64, Float32, Symbol, Int64, Int64, Int64, Float64}}, DataFrames.DataFrameRows{DataFrame}, CSV.Options{UInt8, UInt8, Nothing, Tuple{}, typeof(CSV._identity)}, Vector{UInt8}, Int64, Int64, NTuple{26, Symbol}}[39m, [90mio[39m::[0mAny, [90mappend[39m::[0mBool, [90mcompress[39m::[0mBool[0m[1m)[22m
[90m    @[39m [35mCSV[39m [90m~/.julia/packages/CSV/XLcqT/src/[39m[90m[4mwrite.jl:294[24m[39m
  [8] [0m[1m#write#88[22m
[90m    @[39m [90m~/.julia/packages/CSV/XLcqT/src/[39m[90m[4mwrite.jl:215[24m[39m[90m [inlined][39m
  [9] [0m[1mwrite[22m[0m[1m([22m[90mfile[39m::[0mString, [90mitr[39m::[0mDataFrame; [90mappend[39m::[0mBool, [90mcompress[39m::[0mBool, [90mwriteheader[39m::[0mNothing, [90mpartition[39m::[0mBool, [90mkw[39m::[0m@Kwargs[90m{}[39m[0m[1m)[22m
[90m    @[39m [35mCSV[39m [90m~/.julia/packages/CSV/XLcqT/src/[39m[90m[4mwrite.jl:199[24m[39m
 [10] [0m[1mwrite[22m[0m[1m([22m[90mfile[39m::[0mString, [90mitr[39m::[0mDataFrame[0m[1m)[22m
[90m    @[39m [35mCSV[39m [90m~/.julia/packages/CSV/XLcqT/src/[39m[90m[4mwrite.jl:162[24m[39m
 [11] top-level scope
[90m    @[39m [90m~/purdue/ICNN-conterfatual/examples/[39m[90m[4mbenchmark_all_methods.jl:433[24m[39m
 [12] [0m[1minclude[22m[0m[1m([22m[90mmod[39m::[0mModule, [90m_path[39m::[0mString[0m[1m)[22m
[90m    @[39m [90mBase[39m [90m./[39m[90m[4mBase.jl:306[24m[39m
 [13] [0m[1mexec_options[22m[0m[1m([22m[90mopts[39m::[0mBase.JLOptions[0m[1m)[22m
[90m    @[39m [90mBase[39m [90m./[39m[90m[4mclient.jl:317[24m[39m
 [14] [0m[1m_start[22m[0m[1m([22m[0m[1m)[22m
[90m    @[39m [90mBase[39m [90m./[39m[90m[4mclient.jl:550[24m[39m
in expression starting at /home/gabemed/purdue/ICNN-conterfatual/examples/benchmark_all_methods.jl:433
