[32m[1m  Activating[22m[39m project at `~/purdue/ICNN-conterfatual`
[33m[1m┌ [22m[39m[33m[1mWarning: [22m[39mReplacing docs for `Main.ICNN.enforcing_convexity! :: Tuple{Main.ICNN.AbstractICNN}` in module `Main.ICNN`
[33m[1m└ [22m[39m[90m@ Base.Docs docs/Docs.jl:249[39m
[33m[1m┌ [22m[39m[33m[1mWarning: [22m[39mReplacing docs for `Main.ICNN.initialize_convex! :: Tuple{Main.ICNN.AbstractICNN}` in module `Main.ICNN`
[33m[1m└ [22m[39m[90m@ Base.Docs docs/Docs.jl:249[39m
[33m[1m┌ [22m[39m[33m[1mWarning: [22m[39mReplacing docs for `Main.ICNN.predict :: Tuple{Main.ICNN.AbstractICNN, Any}` in module `Main.ICNN`
[33m[1m└ [22m[39m[90m@ Base.Docs docs/Docs.jl:249[39m
[33m[1m┌ [22m[39m[33m[1mWarning: [22m[39mReplacing docs for `Main.ICNN.mse_loss :: Tuple{Main.ICNN.AbstractICNN, Any, Any}` in module `Main.ICNN`
[33m[1m└ [22m[39m[90m@ Base.Docs docs/Docs.jl:249[39m
[33m[1m┌ [22m[39m[33m[1mWarning: [22m[39mReplacing docs for `Main.ICNN.train! :: Union{Tuple{Main.ICNN.AbstractICNN, Any, Any}, Tuple{Main.ICNN.AbstractICNN, Any, Any, Int64}}` in module `Main.ICNN`
[33m[1m└ [22m[39m[90m@ Base.Docs docs/Docs.jl:249[39m
================================================================================
Detailed Counterfactual Benchmark
================================================================================

Configuration:
  Reduction targets: 20%, 30%, 40%, 50%, 60%
  Test cases: 3

[36m[1m[ [22m[39m[36m[1mInfo: [22m[39mLoaded DCOPF data from /home/gabemed/purdue/ICNN-conterfatual/examples/../icnn/data/data_pglib_opf_case118_ieee.bson
[36m[1m[ [22m[39m[36m[1mInfo: [22m[39m  Samples: 5000
[36m[1m[ [22m[39m[36m[1mInfo: [22m[39m  Features: 236
[36m[1m[ [22m[39m[36m[1mInfo: [22m[39m  Objective range: [82576.81053217081, 102461.54490145156]
[36m[1m[ [22m[39m[36m[1mInfo: [22m[39mDataset prepared:
[36m[1m[ [22m[39m[36m[1mInfo: [22m[39m  Training samples: 4000
[36m[1m[ [22m[39m[36m[1mInfo: [22m[39m  Test samples: 1000
[36m[1m[ [22m[39m[36m[1mInfo: [22m[39m  Features: 236
[36m[1m[ [22m[39m[36m[1mInfo: [22m[39m  Normalization: none
✓ Resources loaded, 3 test cases selected

================================================================================
Testing 20% Reduction
================================================================================

Case 1 (reduction 20%):
  Factual cost: 99674.72
  Target cost: 79739.78
  Testing ecp... Set parameter Username
Set parameter LicenseID to value 2707036
Academic license - for non-commercial use only - expires 2026-09-10
✓ Success
    CF cost: 79899.25, Changed: 5 features
  Testing esh... Set parameter Username
Set parameter LicenseID to value 2707036
Academic license - for non-commercial use only - expires 2026-09-10
Set parameter Username
Set parameter LicenseID to value 2707036
Academic license - for non-commercial use only - expires 2026-09-10
✓ Success
    CF cost: 79899.25, Changed: 5 features
  Testing milp... Factual: y = 99674.72
Target: y = 79739.775 ± 159.47955000000002
Parameters: sparsity=0.05, time_limit=600.0s
Set parameter Username
Set parameter LicenseID to value 2707036
Academic license - for non-commercial use only - expires 2026-09-10
Solving MIP...
✓ Found counterfactual!
  Distance: 7.5129
  Changed features: 5/236
  Predicted value: 79899.2546
  Target error: 159.47955
  Solve time: 0.78s

  Changed features (showing up to 20):
    Feature  49: 0.7505 → 0.0000 (Δ = -0.7505)
    Feature  56: 0.8508 → 0.0000 (Δ = -0.8508)
    Feature  59: 3.1551 → 0.0000 (Δ = -3.1551)
    Feature  62: 0.8316 → 0.0000 (Δ = -0.8316)
    Feature 116: 2.2612 → 0.3363 (Δ = -1.9249)
✓ Success
    CF cost: 79899.26, Changed: 5 features

Case 2 (reduction 20%):
  Factual cost: 95440.16
  Target cost: 76352.13
  Testing ecp... Set parameter Username
Set parameter LicenseID to value 2707036
Academic license - for non-commercial use only - expires 2026-09-10
✓ Success
    CF cost: 76504.83, Changed: 5 features
  Testing esh... Set parameter Username
Set parameter LicenseID to value 2707036
Academic license - for non-commercial use only - expires 2026-09-10
Set parameter Username
Set parameter LicenseID to value 2707036
Academic license - for non-commercial use only - expires 2026-09-10
✓ Success
    CF cost: 76504.83, Changed: 5 features
  Testing milp... Factual: y = 95440.164
Target: y = 76352.1312 ± 152.70426250000003
Parameters: sparsity=0.05, time_limit=600.0s
Set parameter Username
Set parameter LicenseID to value 2707036
Academic license - for non-commercial use only - expires 2026-09-10
Solving MIP...
✓ Found counterfactual!
  Distance: 7.2028
  Changed features: 5/236
  Predicted value: 76504.8355
  Target error: 152.704263
  Solve time: 0.8s

  Changed features (showing up to 20):
    Feature  49: 0.6856 → 0.0000 (Δ = -0.6856)
    Feature  56: 1.0065 → 0.0000 (Δ = -1.0065)
    Feature  59: 3.0339 → 0.0000 (Δ = -3.0339)
    Feature  60: 0.9954 → 0.0000 (Δ = -0.9954)
    Feature 116: 1.8976 → 0.4162 (Δ = -1.4814)
✓ Success
    CF cost: 76504.85, Changed: 5 features

Case 3 (reduction 20%):
  Factual cost: 96844.52
  Target cost: 77475.61
  Testing ecp... Set parameter Username
Set parameter LicenseID to value 2707036
Academic license - for non-commercial use only - expires 2026-09-10
✓ Success
    CF cost: 77630.56, Changed: 4 features
  Testing esh... Set parameter Username
Set parameter LicenseID to value 2707036
Academic license - for non-commercial use only - expires 2026-09-10
Set parameter Username
Set parameter LicenseID to value 2707036
Academic license - for non-commercial use only - expires 2026-09-10
✓ Success
    CF cost: 77630.56, Changed: 4 features
  Testing milp... Factual: y = 96844.516
Target: y = 77475.6125 ± 154.95122500000002
Parameters: sparsity=0.05, time_limit=600.0s
Set parameter Username
Set parameter LicenseID to value 2707036
Academic license - for non-commercial use only - expires 2026-09-10
Solving MIP...
✓ Found counterfactual!
  Distance: 7.3003
  Changed features: 4/236
  Predicted value: 77630.5637
  Target error: 154.951225
  Solve time: 0.84s

  Changed features (showing up to 20):
    Feature  42: 1.1449 → 0.0000 (Δ = -1.1449)
    Feature  49: 1.0140 → 0.0000 (Δ = -1.0140)
    Feature  59: 3.5646 → 0.0000 (Δ = -3.5646)
    Feature 116: 1.7470 → 0.1701 (Δ = -1.5768)
✓ Success
    CF cost: 77630.57, Changed: 4 features

================================================================================
Testing 30% Reduction
================================================================================

Case 1 (reduction 30%):
  Factual cost: 99674.72
  Target cost: 69772.3
  Testing ecp... Set parameter Username
Set parameter LicenseID to value 2707036
Academic license - for non-commercial use only - expires 2026-09-10
✓ Success
    CF cost: 69911.84, Changed: 9 features
  Testing esh... Set parameter Username
Set parameter LicenseID to value 2707036
Academic license - for non-commercial use only - expires 2026-09-10
Set parameter Username
Set parameter LicenseID to value 2707036
Academic license - for non-commercial use only - expires 2026-09-10
✓ Success
    CF cost: 69911.84, Changed: 9 features
  Testing milp... Factual: y = 99674.72
Target: y = 69772.3031 ± 139.54460625
Parameters: sparsity=0.05, time_limit=600.0s
Set parameter Username
Set parameter LicenseID to value 2707036
Academic license - for non-commercial use only - expires 2026-09-10
Solving MIP...
✓ Found counterfactual!
  Distance: 11.4036
  Changed features: 9/236
  Predicted value: 69911.8477
  Target error: 139.544606
  Solve time: 1.5s

  Changed features (showing up to 20):
    Feature  42: 0.9119 → 0.0000 (Δ = -0.9119)
    Feature  49: 0.7505 → 0.0000 (Δ = -0.7505)
    Feature  54: 1.1433 → 0.0000 (Δ = -1.1433)
    Feature  56: 0.8508 → 0.0000 (Δ = -0.8508)
    Feature  59: 3.1551 → 0.0000 (Δ = -3.1551)
    Feature  60: 0.8790 → 0.0000 (Δ = -0.8790)
    Feature  62: 0.8316 → 0.0000 (Δ = -0.8316)
    Feature 112: 0.7118 → 0.0000 (Δ = -0.7118)
    Feature 116: 2.2612 → 0.0917 (Δ = -2.1695)
✓ Success
    CF cost: 69911.85, Changed: 9 features

Case 2 (reduction 30%):
  Factual cost: 95440.16
  Target cost: 66808.11
  Testing ecp... Set parameter Username
Set parameter LicenseID to value 2707036
Academic license - for non-commercial use only - expires 2026-09-10
✓ Success
    CF cost: 66941.72, Changed: 8 features
  Testing esh... Set parameter Username
Set parameter LicenseID to value 2707036
Academic license - for non-commercial use only - expires 2026-09-10
Set parameter Username
Set parameter LicenseID to value 2707036
Academic license - for non-commercial use only - expires 2026-09-10
✓ Success
    CF cost: 66941.73, Changed: 8 features
  Testing milp... Factual: y = 95440.164
Target: y = 66808.1148 ± 133.61622968749998
Parameters: sparsity=0.05, time_limit=600.0s
Set parameter Username
Set parameter LicenseID to value 2707036
Academic license - for non-commercial use only - expires 2026-09-10
Solving MIP...
✓ Found counterfactual!
  Distance: 10.9866
  Changed features: 8/236
  Predicted value: 66941.7311
  Target error: 133.61623
  Solve time: 0.91s

  Changed features (showing up to 20):
    Feature  49: 0.6856 → 0.0000 (Δ = -0.6856)
    Feature  54: 1.0005 → 0.0000 (Δ = -1.0005)
    Feature  56: 1.0065 → 0.0000 (Δ = -1.0065)
    Feature  59: 3.0339 → 0.0000 (Δ = -3.0339)
    Feature  60: 0.9954 → 0.0000 (Δ = -0.9954)
    Feature  62: 0.7918 → 0.0000 (Δ = -0.7918)
    Feature  80: 1.6793 → 0.1039 (Δ = -1.5754)
    Feature 116: 1.8976 → 0.0000 (Δ = -1.8976)
✓ Success
    CF cost: 66941.73, Changed: 8 features

Case 3 (reduction 30%):
  Factual cost: 96844.52
  Target cost: 67791.16
  Testing ecp... Set parameter Username
Set parameter LicenseID to value 2707036
Academic license - for non-commercial use only - expires 2026-09-10
✓ Success
    CF cost: 67926.71, Changed: 8 features
  Testing esh... Set parameter Username
Set parameter LicenseID to value 2707036
Academic license - for non-commercial use only - expires 2026-09-10
Set parameter Username
Set parameter LicenseID to value 2707036
Academic license - for non-commercial use only - expires 2026-09-10
✓ Success
    CF cost: 67926.74, Changed: 8 features
  Testing milp... Factual: y = 96844.516
Target: y = 67791.1609 ± 135.582321875
Parameters: sparsity=0.05, time_limit=600.0s
Set parameter Username
Set parameter LicenseID to value 2707036
Academic license - for non-commercial use only - expires 2026-09-10
Solving MIP...
✓ Found counterfactual!
  Distance: 11.1202
  Changed features: 8/236
  Predicted value: 67926.7433
  Target error: 135.582322
  Solve time: 1.04s

  Changed features (showing up to 20):
    Feature  42: 1.1449 → 0.0000 (Δ = -1.1449)
    Feature  49: 1.0140 → 0.0000 (Δ = -1.0140)
    Feature  56: 0.7209 → 0.0000 (Δ = -0.7209)
    Feature  59: 3.5646 → 0.0000 (Δ = -3.5646)
    Feature  60: 0.8108 → 0.0000 (Δ = -0.8108)
    Feature  62: 0.7939 → 0.0000 (Δ = -0.7939)
    Feature  80: 1.4765 → 0.1523 (Δ = -1.3242)
    Feature 116: 1.7470 → 0.0000 (Δ = -1.7470)
✓ Success
    CF cost: 67926.72, Changed: 8 features

================================================================================
Testing 40% Reduction
================================================================================

Case 1 (reduction 40%):
  Factual cost: 99674.72
  Target cost: 59804.83
  Testing ecp... Set parameter Username
Set parameter LicenseID to value 2707036
Academic license - for non-commercial use only - expires 2026-09-10
✓ Success
    CF cost: 59924.44, Changed: 13 features
  Testing esh... Set parameter Username
Set parameter LicenseID to value 2707036
Academic license - for non-commercial use only - expires 2026-09-10
Set parameter Username
Set parameter LicenseID to value 2707036
Academic license - for non-commercial use only - expires 2026-09-10
✓ Success
    CF cost: 59924.44, Changed: 13 features
  Testing milp... Factual: y = 99674.72
Target: y = 59804.8312 ± 119.6096625
Parameters: sparsity=0.05, time_limit=600.0s
Set parameter Username
Set parameter LicenseID to value 2707036
Academic license - for non-commercial use only - expires 2026-09-10
Solving MIP...
✓ Found counterfactual!
  Distance: 15.3863
  Changed features: 13/236
  Predicted value: 59924.4409
  Target error: 119.609662
  Solve time: 0.98s

  Changed features (showing up to 20):
    Feature  15: 1.1524 → 0.0000 (Δ = -1.1524)
    Feature  18: 0.6312 → 0.0000 (Δ = -0.6312)
    Feature  42: 0.9119 → 0.0000 (Δ = -0.9119)
    Feature  49: 0.7505 → 0.0000 (Δ = -0.7505)
    Feature  54: 1.1433 → 0.0000 (Δ = -1.1433)
    Feature  55: 0.6813 → 0.0000 (Δ = -0.6813)
    Feature  56: 0.8508 → 0.0000 (Δ = -0.8508)
    Feature  59: 3.1551 → 0.0000 (Δ = -3.1551)
    Feature  60: 0.8790 → 0.0000 (Δ = -0.8790)
    Feature  62: 0.8316 → 0.0000 (Δ = -0.8316)
    Feature  80: 1.6238 → 0.1975 (Δ = -1.4263)
    Feature 112: 0.7118 → 0.0000 (Δ = -0.7118)
    Feature 116: 2.2612 → 0.0000 (Δ = -2.2612)
✓ Success
    CF cost: 59924.45, Changed: 13 features

Case 2 (reduction 40%):
  Factual cost: 95440.16
  Target cost: 57264.1
  Testing ecp... Set parameter Username
Set parameter LicenseID to value 2707036
Academic license - for non-commercial use only - expires 2026-09-10
✓ Success
    CF cost: 57378.62, Changed: 13 features
  Testing esh... Set parameter Username
Set parameter LicenseID to value 2707036
Academic license - for non-commercial use only - expires 2026-09-10
Set parameter Username
Set parameter LicenseID to value 2707036
Academic license - for non-commercial use only - expires 2026-09-10
✓ Success
    CF cost: 57378.62, Changed: 13 features
  Testing milp... Factual: y = 95440.164
Target: y = 57264.0984 ± 114.52819687499999
Parameters: sparsity=0.05, time_limit=600.0s
Set parameter Username
Set parameter LicenseID to value 2707036
Academic license - for non-commercial use only - expires 2026-09-10
Solving MIP...
✓ Found counterfactual!
  Distance: 14.7611
  Changed features: 13/236
  Predicted value: 57378.6266
  Target error: 114.528197
  Solve time: 1.05s

  Changed features (showing up to 20):
    Feature  11: 0.8384 → 0.0000 (Δ = -0.8384)
    Feature  15: 0.7535 → 0.0000 (Δ = -0.7535)
    Feature  18: 0.6523 → 0.0000 (Δ = -0.6523)
    Feature  42: 0.7937 → 0.0000 (Δ = -0.7937)
    Feature  49: 0.6856 → 0.0000 (Δ = -0.6856)
    Feature  54: 1.0005 → 0.0000 (Δ = -1.0005)
    Feature  56: 1.0065 → 0.0000 (Δ = -1.0065)
    Feature  59: 3.0339 → 0.0000 (Δ = -3.0339)
    Feature  60: 0.9954 → 0.0000 (Δ = -0.9954)
    Feature  62: 0.7918 → 0.0000 (Δ = -0.7918)
    Feature  80: 1.6793 → 0.0000 (Δ = -1.6793)
    Feature 112: 0.6571 → 0.0000 (Δ = -0.6571)
    Feature 116: 1.8976 → 0.0244 (Δ = -1.8732)
✓ Success
    CF cost: 57378.64, Changed: 13 features

Case 3 (reduction 40%):
  Factual cost: 96844.52
  Target cost: 58106.71
  Testing ecp... Set parameter Username
Set parameter LicenseID to value 2707036
Academic license - for non-commercial use only - expires 2026-09-10
✓ Success
    CF cost: 58222.92, Changed: 13 features
  Testing esh... Set parameter Username
Set parameter LicenseID to value 2707036
Academic license - for non-commercial use only - expires 2026-09-10
Set parameter Username
Set parameter LicenseID to value 2707036
Academic license - for non-commercial use only - expires 2026-09-10
✓ Success
    CF cost: 58222.91, Changed: 13 features
  Testing milp... Factual: y = 96844.516
Target: y = 58106.7094 ± 116.21341875
Parameters: sparsity=0.05, time_limit=600.0s
Set parameter Username
Set parameter LicenseID to value 2707036
Academic license - for non-commercial use only - expires 2026-09-10
Solving MIP...
✓ Found counterfactual!
  Distance: 14.9302
  Changed features: 13/236
  Predicted value: 58222.9228
  Target error: 116.213419
  Solve time: 1.02s

  Changed features (showing up to 20):
    Feature  15: 1.0886 → 0.0107 (Δ = -1.0779)
    Feature  18: 0.7649 → 0.0000 (Δ = -0.7649)
    Feature  42: 1.1449 → 0.0000 (Δ = -1.1449)
    Feature  49: 1.0140 → 0.0000 (Δ = -1.0140)
    Feature  54: 0.8715 → 0.0000 (Δ = -0.8715)
    Feature  55: 0.6840 → 0.0000 (Δ = -0.6840)
    Feature  56: 0.7209 → 0.0000 (Δ = -0.7209)
    Feature  59: 3.5646 → 0.0000 (Δ = -3.5646)
    Feature  60: 0.8108 → 0.0000 (Δ = -0.8108)
    Feature  62: 0.7939 → 0.0000 (Δ = -0.7939)
    Feature  80: 1.4765 → 0.4017 (Δ = -1.0748)
    Feature 112: 0.6611 → 0.0000 (Δ = -0.6611)
    Feature 116: 1.7470 → 0.0000 (Δ = -1.7470)
✓ Success
    CF cost: 58222.94, Changed: 13 features

================================================================================
Testing 50% Reduction
================================================================================

Case 1 (reduction 50%):
  Factual cost: 99674.72
  Target cost: 49837.36
  Testing ecp... Set parameter Username
Set parameter LicenseID to value 2707036
Academic license - for non-commercial use only - expires 2026-09-10
✓ Success
    CF cost: 49937.03, Changed: 17 features
  Testing esh... Set parameter Username
Set parameter LicenseID to value 2707036
Academic license - for non-commercial use only - expires 2026-09-10
Set parameter Username
Set parameter LicenseID to value 2707036
Academic license - for non-commercial use only - expires 2026-09-10
✓ Success
    CF cost: 49937.03, Changed: 17 features
  Testing milp... Factual: y = 99674.72
Target: y = 49837.3594 ± 99.67471875
Parameters: sparsity=0.05, time_limit=600.0s
Set parameter Username
Set parameter LicenseID to value 2707036
Academic license - for non-commercial use only - expires 2026-09-10
Solving MIP...
✓ Found counterfactual!
  Distance: 19.4326
  Changed features: 17/236
  Predicted value: 49937.0341
  Target error: 99.674719
  Solve time: 1.27s

  Changed features (showing up to 20):
    Feature  11: 0.5777 → 0.0000 (Δ = -0.5777)
    Feature  15: 1.1524 → 0.0000 (Δ = -1.1524)
    Feature  18: 0.6312 → 0.0000 (Δ = -0.6312)
    Feature  40: 0.8549 → 0.0000 (Δ = -0.8549)
    Feature  42: 0.9119 → 0.0000 (Δ = -0.9119)
    Feature  49: 0.7505 → 0.0000 (Δ = -0.7505)
    Feature  54: 1.1433 → 0.0000 (Δ = -1.1433)
    Feature  55: 0.6813 → 0.0000 (Δ = -0.6813)
    Feature  56: 0.8508 → 0.0000 (Δ = -0.8508)
    Feature  59: 3.1551 → 0.0000 (Δ = -3.1551)
    Feature  60: 0.8790 → 0.0000 (Δ = -0.8790)
    Feature  62: 0.8316 → 0.0000 (Δ = -0.8316)
    Feature  76: 0.4847 → 0.0000 (Δ = -0.4847)
    Feature  80: 1.6238 → 0.0000 (Δ = -1.6238)
    Feature  90: 2.0464 → 0.1148 (Δ = -1.9316)
    Feature 112: 0.7118 → 0.0000 (Δ = -0.7118)
    Feature 116: 2.2612 → 0.0000 (Δ = -2.2612)
✓ Success
    CF cost: 49937.04, Changed: 17 features

Case 2 (reduction 50%):
  Factual cost: 95440.16
  Target cost: 47720.08
  Testing ecp... Set parameter Username
Set parameter LicenseID to value 2707036
Academic license - for non-commercial use only - expires 2026-09-10
✓ Success
    CF cost: 47815.52, Changed: 18 features
  Testing esh... Set parameter Username
Set parameter LicenseID to value 2707036
Academic license - for non-commercial use only - expires 2026-09-10
Set parameter Username
Set parameter LicenseID to value 2707036
Academic license - for non-commercial use only - expires 2026-09-10
✓ Success
    CF cost: 47815.52, Changed: 18 features
  Testing milp... Factual: y = 95440.164
Target: y = 47720.082 ± 95.4401640625
Parameters: sparsity=0.05, time_limit=600.0s
Set parameter Username
Set parameter LicenseID to value 2707036
Academic license - for non-commercial use only - expires 2026-09-10
Solving MIP...
✓ Found counterfactual!
  Distance: 18.6519
  Changed features: 18/236
  Predicted value: 47815.5222
  Target error: 95.440164
  Solve time: 1.59s

  Changed features (showing up to 20):
    Feature  11: 0.8384 → 0.0000 (Δ = -0.8384)
    Feature  15: 0.7535 → 0.0000 (Δ = -0.7535)
    Feature  18: 0.6523 → 0.0000 (Δ = -0.6523)
    Feature  34: 0.6292 → 0.0000 (Δ = -0.6292)
    Feature  42: 0.7937 → 0.0000 (Δ = -0.7937)
    Feature  45: 0.6603 → 0.0000 (Δ = -0.6603)
    Feature  49: 0.6856 → 0.0000 (Δ = -0.6856)
    Feature  54: 1.0005 → 0.0000 (Δ = -1.0005)
    Feature  55: 0.6245 → 0.0000 (Δ = -0.6245)
    Feature  56: 1.0065 → 0.0000 (Δ = -1.0065)
    Feature  59: 3.0339 → 0.0000 (Δ = -3.0339)
    Feature  60: 0.9954 → 0.0000 (Δ = -0.9954)
    Feature  62: 0.7918 → 0.0000 (Δ = -0.7918)
    Feature  76: 0.5524 → 0.0000 (Δ = -0.5524)
    Feature  80: 1.6793 → 0.0000 (Δ = -1.6793)
    Feature  90: 1.6484 → 0.2485 (Δ = -1.4000)
    Feature 112: 0.6571 → 0.0000 (Δ = -0.6571)
    Feature 116: 1.8976 → 0.0000 (Δ = -1.8976)
✓ Success
    CF cost: 47815.52, Changed: 18 features

Case 3 (reduction 50%):
  Factual cost: 96844.52
  Target cost: 48422.26
  Testing ecp... Set parameter Username
Set parameter LicenseID to value 2707036
Academic license - for non-commercial use only - expires 2026-09-10
✓ Success
    CF cost: 48519.1, Changed: 17 features
  Testing esh... Set parameter Username
Set parameter LicenseID to value 2707036
Academic license - for non-commercial use only - expires 2026-09-10
Set parameter Username
Set parameter LicenseID to value 2707036
Academic license - for non-commercial use only - expires 2026-09-10
✓ Success
    CF cost: 48519.1, Changed: 17 features
  Testing milp... Factual: y = 96844.516
Target: y = 48422.2578 ± 96.844515625
Parameters: sparsity=0.05, time_limit=600.0s
Set parameter Username
Set parameter LicenseID to value 2707036
Academic license - for non-commercial use only - expires 2026-09-10
Solving MIP...
✓ Found counterfactual!
  Distance: 18.8721
  Changed features: 17/236
  Predicted value: 48519.1023
  Target error: 96.844516
  Solve time: 1.17s

  Changed features (showing up to 20):
    Feature  11: 0.5846 → 0.0000 (Δ = -0.5846)
    Feature  15: 1.0886 → 0.0000 (Δ = -1.0886)
    Feature  18: 0.7649 → 0.0000 (Δ = -0.7649)
    Feature  40: 0.8159 → 0.0000 (Δ = -0.8159)
    Feature  42: 1.1449 → 0.0000 (Δ = -1.1449)
    Feature  49: 1.0140 → 0.0000 (Δ = -1.0140)
    Feature  54: 0.8715 → 0.0000 (Δ = -0.8715)
    Feature  55: 0.6840 → 0.0000 (Δ = -0.6840)
    Feature  56: 0.7209 → 0.0000 (Δ = -0.7209)
    Feature  59: 3.5646 → 0.0000 (Δ = -3.5646)
    Feature  60: 0.8108 → 0.0000 (Δ = -0.8108)
    Feature  62: 0.7939 → 0.0000 (Δ = -0.7939)
    Feature  76: 0.8306 → 0.0000 (Δ = -0.8306)
    Feature  80: 1.4765 → 0.0000 (Δ = -1.4765)
    Feature  90: 1.6075 → 0.3091 (Δ = -1.2984)
    Feature 112: 0.6611 → 0.0000 (Δ = -0.6611)
    Feature 116: 1.7470 → 0.0000 (Δ = -1.7470)
✓ Success
    CF cost: 48519.11, Changed: 17 features

================================================================================
Testing 60% Reduction
================================================================================

Case 1 (reduction 60%):
  Factual cost: 99674.72
  Target cost: 39869.89
  Testing ecp... Set parameter Username
Set parameter LicenseID to value 2707036
Academic license - for non-commercial use only - expires 2026-09-10
✓ Success
    CF cost: 39949.62, Changed: 24 features
  Testing esh... Set parameter Username
Set parameter LicenseID to value 2707036
Academic license - for non-commercial use only - expires 2026-09-10
Set parameter Username
Set parameter LicenseID to value 2707036
Academic license - for non-commercial use only - expires 2026-09-10
✓ Success
    CF cost: 39949.62, Changed: 24 features
  Testing milp... Factual: y = 99674.72
Target: y = 39869.8875 ± 79.73977500000001
Parameters: sparsity=0.05, time_limit=600.0s
Set parameter Username
Set parameter LicenseID to value 2707036
Academic license - for non-commercial use only - expires 2026-09-10
Solving MIP...
✓ Found counterfactual!
  Distance: 23.5313
  Changed features: 24/236
  Predicted value: 39949.6273
  Target error: 79.739775
  Solve time: 1.04s
✓ Success
    CF cost: 39949.63, Changed: 24 features

Case 2 (reduction 60%):
  Factual cost: 95440.16
  Target cost: 38176.07
  Testing ecp... Set parameter Username
Set parameter LicenseID to value 2707036
Academic license - for non-commercial use only - expires 2026-09-10
✗ Failed
  Testing esh... Set parameter Username
Set parameter LicenseID to value 2707036
Academic license - for non-commercial use only - expires 2026-09-10
Set parameter Username
Set parameter LicenseID to value 2707036
Academic license - for non-commercial use only - expires 2026-09-10
✗ Failed
  Testing milp... Factual: y = 95440.164
Target: y = 38176.0656 ± 76.35213125000001
Parameters: sparsity=0.05, time_limit=600.0s
Set parameter Username
Set parameter LicenseID to value 2707036
Academic license - for non-commercial use only - expires 2026-09-10
Solving MIP...
✓ Found counterfactual!
  Distance: 22.6252
  Changed features: 25/236
  Predicted value: 38252.4178
  Target error: 76.352131
  Solve time: 1.53s
✓ Success
    CF cost: 38252.43, Changed: 25 features

Case 3 (reduction 60%):
  Factual cost: 96844.52
  Target cost: 38737.81
  Testing ecp... Set parameter Username
Set parameter LicenseID to value 2707036
Academic license - for non-commercial use only - expires 2026-09-10
✗ Failed
  Testing esh... Set parameter Username
Set parameter LicenseID to value 2707036
Academic license - for non-commercial use only - expires 2026-09-10
Set parameter Username
Set parameter LicenseID to value 2707036
Academic license - for non-commercial use only - expires 2026-09-10
✗ Failed
  Testing milp... Factual: y = 96844.516
Target: y = 38737.8062 ± 77.47561250000001
Parameters: sparsity=0.05, time_limit=600.0s
Set parameter Username
Set parameter LicenseID to value 2707036
Academic license - for non-commercial use only - expires 2026-09-10
Solving MIP...
✓ Found counterfactual!
  Distance: 22.9267
  Changed features: 23/236
  Predicted value: 38815.2819
  Target error: 77.475612
  Solve time: 1.35s
✓ Success
    CF cost: 38815.28, Changed: 23 features

================================================================================
Saving detailed results...
================================================================================
✓ Results saved to: /home/gabemed/purdue/ICNN-conterfatual/examples/../tmp/benchmark_results/detailed_counterfactuals.csv
  Total entries: 45
  Successful: 41/45

================================================================================
Benchmark complete!
================================================================================
