[32m[1m  Activating[22m[39m project at `~/purdue/ICNN-conterfatual`
[33m[1m┌ [22m[39m[33m[1mWarning: [22m[39mReplacing docs for `Main.ICNN.enforcing_convexity! :: Tuple{Main.ICNN.AbstractICNN}` in module `Main.ICNN`
[33m[1m└ [22m[39m[90m@ Base.Docs docs/Docs.jl:249[39m
[33m[1m┌ [22m[39m[33m[1mWarning: [22m[39mReplacing docs for `Main.ICNN.initialize_convex! :: Tuple{Main.ICNN.AbstractICNN}` in module `Main.ICNN`
[33m[1m└ [22m[39m[90m@ Base.Docs docs/Docs.jl:249[39m
[33m[1m┌ [22m[39m[33m[1mWarning: [22m[39mReplacing docs for `Main.ICNN.predict :: Tuple{Main.ICNN.AbstractICNN, Any}` in module `Main.ICNN`
[33m[1m└ [22m[39m[90m@ Base.Docs docs/Docs.jl:249[39m
[33m[1m┌ [22m[39m[33m[1mWarning: [22m[39mReplacing docs for `Main.ICNN.mse_loss :: Tuple{Main.ICNN.AbstractICNN, Any, Any}` in module `Main.ICNN`
[33m[1m└ [22m[39m[90m@ Base.Docs docs/Docs.jl:249[39m
[33m[1m┌ [22m[39m[33m[1mWarning: [22m[39mReplacing docs for `Main.ICNN.train! :: Union{Tuple{Main.ICNN.AbstractICNN, Any, Any}, Tuple{Main.ICNN.AbstractICNN, Any, Any, Int64}}` in module `Main.ICNN`
[33m[1m└ [22m[39m[90m@ Base.Docs docs/Docs.jl:249[39m
================================================================================
Multiple Reduction Targets Benchmark: ECP vs ESH vs MILP
================================================================================

Benchmark Configuration:
  Trials per method per case: 3
  Test cases: 5
  Reduction targets: 20%, 30%, 40%, 50%, 60%
  MILP time limit: 600.0s

Loading resources...
[36m[1m[ [22m[39m[36m[1mInfo: [22m[39mLoaded DCOPF data from /home/gabemed/purdue/ICNN-conterfatual/examples/../icnn/data/data_pglib_opf_case118_ieee.bson
[36m[1m[ [22m[39m[36m[1mInfo: [22m[39m  Samples: 5000
[36m[1m[ [22m[39m[36m[1mInfo: [22m[39m  Features: 236
[36m[1m[ [22m[39m[36m[1mInfo: [22m[39m  Objective range: [82576.81053217081, 102461.54490145156]
[36m[1m[ [22m[39m[36m[1mInfo: [22m[39mDataset prepared:
[36m[1m[ [22m[39m[36m[1mInfo: [22m[39m  Training samples: 4000
[36m[1m[ [22m[39m[36m[1mInfo: [22m[39m  Test samples: 1000
[36m[1m[ [22m[39m[36m[1mInfo: [22m[39m  Features: 236
[36m[1m[ [22m[39m[36m[1mInfo: [22m[39m  Normalization: none
✓ Resources loaded
✓ Selected 3 test cases

Warmup (compiling Julia code)...
Set parameter Username
Set parameter LicenseID to value 2707036
Academic license - for non-commercial use only - expires 2026-09-10
✓ Warmup complete

================================================================================
TESTING 20% REDUCTION
================================================================================

--------------------------------------------------------------------------------
Reduction 20% - Case 1/5 (Sample #3)
--------------------------------------------------------------------------------
  y_factual = 99674.72
  y_target = 79739.78 (20% reduction)

  Running trials: Factual: y = 99674.72
Target: y = 79739.775 ± 159.47955000000002
Parameters: sparsity=0.05, time_limit=600.0s
Set parameter Username
Set parameter LicenseID to value 2707036
Academic license - for non-commercial use only - expires 2026-09-10
Solving MIP...
✓ Found counterfactual!
  Distance: 7.5129
  Changed features: 5/236
  Predicted value: 79899.2546
  Target error: 159.47955
  Solve time: 0.97s

  Changed features (showing up to 20):
    Feature  49: 0.7505 → 0.0000 (Δ = -0.7505)
    Feature  56: 0.8508 → 0.0000 (Δ = -0.8508)
    Feature  59: 3.1551 → 0.0000 (Δ = -3.1551)
    Feature  62: 0.8316 → 0.0000 (Δ = -0.8316)
    Feature 116: 2.2612 → 0.3363 (Δ = -1.9249)
M2✓ Set parameter Username
Set parameter LicenseID to value 2707036
Academic license - for non-commercial use only - expires 2026-09-10
Set parameter Username
Set parameter LicenseID to value 2707036
Academic license - for non-commercial use only - expires 2026-09-10
S2✓ Factual: y = 99674.72
Target: y = 79739.775 ± 159.47955000000002
Parameters: sparsity=0.05, time_limit=600.0s
Set parameter Username
Set parameter LicenseID to value 2707036
Academic license - for non-commercial use only - expires 2026-09-10
Solving MIP...
✓ Found counterfactual!
  Distance: 7.5129
  Changed features: 5/236
  Predicted value: 79899.2546
  Target error: 159.47955
  Solve time: 0.96s

  Changed features (showing up to 20):
    Feature  49: 0.7505 → 0.0000 (Δ = -0.7505)
    Feature  56: 0.8508 → 0.0000 (Δ = -0.8508)
    Feature  59: 3.1551 → 0.0000 (Δ = -3.1551)
    Feature  62: 0.8316 → 0.0000 (Δ = -0.8316)
    Feature 116: 2.2612 → 0.3363 (Δ = -1.9249)
M1✓ Set parameter Username
Set parameter LicenseID to value 2707036
Academic license - for non-commercial use only - expires 2026-09-10
Set parameter Username
Set parameter LicenseID to value 2707036
Academic license - for non-commercial use only - expires 2026-09-10
S1✓ Set parameter Username
Set parameter LicenseID to value 2707036
Academic license - for non-commercial use only - expires 2026-09-10
E2✓ Set parameter Username
Set parameter LicenseID to value 2707036
Academic license - for non-commercial use only - expires 2026-09-10
E1✓ Factual: y = 99674.72
Target: y = 79739.775 ± 159.47955000000002
Parameters: sparsity=0.05, time_limit=600.0s
Set parameter Username
Set parameter LicenseID to value 2707036
Academic license - for non-commercial use only - expires 2026-09-10
Solving MIP...
✓ Found counterfactual!
  Distance: 7.5129
  Changed features: 5/236
  Predicted value: 79899.2546
  Target error: 159.47955
  Solve time: 0.96s

  Changed features (showing up to 20):
    Feature  49: 0.7505 → 0.0000 (Δ = -0.7505)
    Feature  56: 0.8508 → 0.0000 (Δ = -0.8508)
    Feature  59: 3.1551 → 0.0000 (Δ = -3.1551)
    Feature  62: 0.8316 → 0.0000 (Δ = -0.8316)
    Feature 116: 2.2612 → 0.3363 (Δ = -1.9249)
M3✓ Set parameter Username
Set parameter LicenseID to value 2707036
Academic license - for non-commercial use only - expires 2026-09-10
Set parameter Username
Set parameter LicenseID to value 2707036
Academic license - for non-commercial use only - expires 2026-09-10
S3✓ Set parameter Username
Set parameter LicenseID to value 2707036
Academic license - for non-commercial use only - expires 2026-09-10
E3✓ 
  Times: ECP=0.506s, ESH=0.761s, MILP=0.963s

--------------------------------------------------------------------------------
Reduction 20% - Case 2/5 (Sample #4)
--------------------------------------------------------------------------------
  y_factual = 95440.16
  y_target = 76352.13 (20% reduction)

  Running trials: Set parameter Username
Set parameter LicenseID to value 2707036
Academic license - for non-commercial use only - expires 2026-09-10
Set parameter Username
Set parameter LicenseID to value 2707036
Academic license - for non-commercial use only - expires 2026-09-10
S1✓ Set parameter Username
Set parameter LicenseID to value 2707036
Academic license - for non-commercial use only - expires 2026-09-10
Set parameter Username
Set parameter LicenseID to value 2707036
Academic license - for non-commercial use only - expires 2026-09-10
S2✓ Set parameter Username
Set parameter LicenseID to value 2707036
Academic license - for non-commercial use only - expires 2026-09-10
E3✓ Factual: y = 95440.164
Target: y = 76352.1312 ± 152.70426250000003
Parameters: sparsity=0.05, time_limit=600.0s
Set parameter Username
Set parameter LicenseID to value 2707036
Academic license - for non-commercial use only - expires 2026-09-10
Solving MIP...
✓ Found counterfactual!
  Distance: 7.2028
  Changed features: 5/236
  Predicted value: 76504.8355
  Target error: 152.704263
  Solve time: 1.06s

  Changed features (showing up to 20):
    Feature  49: 0.6856 → 0.0000 (Δ = -0.6856)
    Feature  56: 1.0065 → 0.0000 (Δ = -1.0065)
    Feature  59: 3.0339 → 0.0000 (Δ = -3.0339)
    Feature  60: 0.9954 → 0.0000 (Δ = -0.9954)
    Feature 116: 1.8976 → 0.4162 (Δ = -1.4814)
M1✓ Factual: y = 95440.164
Target: y = 76352.1312 ± 152.70426250000003
Parameters: sparsity=0.05, time_limit=600.0s
Set parameter Username
Set parameter LicenseID to value 2707036
Academic license - for non-commercial use only - expires 2026-09-10
Solving MIP...
✓ Found counterfactual!
  Distance: 7.2028
  Changed features: 5/236
  Predicted value: 76504.8355
  Target error: 152.704263
  Solve time: 1.02s

  Changed features (showing up to 20):
    Feature  49: 0.6856 → 0.0000 (Δ = -0.6856)
    Feature  56: 1.0065 → 0.0000 (Δ = -1.0065)
    Feature  59: 3.0339 → 0.0000 (Δ = -3.0339)
    Feature  60: 0.9954 → 0.0000 (Δ = -0.9954)
    Feature 116: 1.8976 → 0.4162 (Δ = -1.4814)
M3✓ Factual: y = 95440.164
Target: y = 76352.1312 ± 152.70426250000003
Parameters: sparsity=0.05, time_limit=600.0s
Set parameter Username
Set parameter LicenseID to value 2707036
Academic license - for non-commercial use only - expires 2026-09-10
Solving MIP...
✓ Found counterfactual!
  Distance: 7.2028
  Changed features: 5/236
  Predicted value: 76504.8355
  Target error: 152.704263
  Solve time: 0.99s

  Changed features (showing up to 20):
    Feature  49: 0.6856 → 0.0000 (Δ = -0.6856)
    Feature  56: 1.0065 → 0.0000 (Δ = -1.0065)
    Feature  59: 3.0339 → 0.0000 (Δ = -3.0339)
    Feature  60: 0.9954 → 0.0000 (Δ = -0.9954)
    Feature 116: 1.8976 → 0.4162 (Δ = -1.4814)
M2✓ Set parameter Username
Set parameter LicenseID to value 2707036
Academic license - for non-commercial use only - expires 2026-09-10
E2✓ Set parameter Username
Set parameter LicenseID to value 2707036
Academic license - for non-commercial use only - expires 2026-09-10
Set parameter Username
Set parameter LicenseID to value 2707036
Academic license - for non-commercial use only - expires 2026-09-10
S3✓ Set parameter Username
Set parameter LicenseID to value 2707036
Academic license - for non-commercial use only - expires 2026-09-10
E1✓ 
  Times: ECP=0.664s, ESH=0.458s, MILP=1.025s

--------------------------------------------------------------------------------
Reduction 20% - Case 3/5 (Sample #12)
--------------------------------------------------------------------------------
  y_factual = 96844.52
  y_target = 77475.61 (20% reduction)

  Running trials: Factual: y = 96844.516
Target: y = 77475.6125 ± 154.95122500000002
Parameters: sparsity=0.05, time_limit=600.0s
Set parameter Username
Set parameter LicenseID to value 2707036
Academic license - for non-commercial use only - expires 2026-09-10
Solving MIP...
✓ Found counterfactual!
  Distance: 7.3003
  Changed features: 4/236
  Predicted value: 77630.5637
  Target error: 154.951225
  Solve time: 1.03s

  Changed features (showing up to 20):
    Feature  42: 1.1449 → 0.0000 (Δ = -1.1449)
    Feature  49: 1.0140 → 0.0000 (Δ = -1.0140)
    Feature  59: 3.5646 → 0.0000 (Δ = -3.5646)
    Feature 116: 1.7470 → 0.1701 (Δ = -1.5768)
M3✓ Set parameter Username
Set parameter LicenseID to value 2707036
Academic license - for non-commercial use only - expires 2026-09-10
E1✓ Set parameter Username
Set parameter LicenseID to value 2707036
Academic license - for non-commercial use only - expires 2026-09-10
Set parameter Username
Set parameter LicenseID to value 2707036
Academic license - for non-commercial use only - expires 2026-09-10
S1✓ Set parameter Username
Set parameter LicenseID to value 2707036
Academic license - for non-commercial use only - expires 2026-09-10
Set parameter Username
Set parameter LicenseID to value 2707036
Academic license - for non-commercial use only - expires 2026-09-10
S3✓ Set parameter Username
Set parameter LicenseID to value 2707036
Academic license - for non-commercial use only - expires 2026-09-10
E3✓ Set parameter Username
Set parameter LicenseID to value 2707036
Academic license - for non-commercial use only - expires 2026-09-10
E2✓ Factual: y = 96844.516
Target: y = 77475.6125 ± 154.95122500000002
Parameters: sparsity=0.05, time_limit=600.0s
Set parameter Username
Set parameter LicenseID to value 2707036
Academic license - for non-commercial use only - expires 2026-09-10
Solving MIP...
✓ Found counterfactual!
  Distance: 7.3003
  Changed features: 4/236
  Predicted value: 77630.5637
  Target error: 154.951225
  Solve time: 0.86s

  Changed features (showing up to 20):
    Feature  42: 1.1449 → 0.0000 (Δ = -1.1449)
    Feature  49: 1.0140 → 0.0000 (Δ = -1.0140)
    Feature  59: 3.5646 → 0.0000 (Δ = -3.5646)
    Feature 116: 1.7470 → 0.1701 (Δ = -1.5768)
M1✓ Factual: y = 96844.516
Target: y = 77475.6125 ± 154.95122500000002
Parameters: sparsity=0.05, time_limit=600.0s
Set parameter Username
Set parameter LicenseID to value 2707036
Academic license - for non-commercial use only - expires 2026-09-10
Solving MIP...
✓ Found counterfactual!
  Distance: 7.3003
  Changed features: 4/236
  Predicted value: 77630.5637
  Target error: 154.951225
  Solve time: 0.89s

  Changed features (showing up to 20):
    Feature  42: 1.1449 → 0.0000 (Δ = -1.1449)
    Feature  49: 1.0140 → 0.0000 (Δ = -1.0140)
    Feature  59: 3.5646 → 0.0000 (Δ = -3.5646)
    Feature 116: 1.7470 → 0.1701 (Δ = -1.5768)
M2✓ Set parameter Username
Set parameter LicenseID to value 2707036
Academic license - for non-commercial use only - expires 2026-09-10
Set parameter Username
Set parameter LicenseID to value 2707036
Academic license - for non-commercial use only - expires 2026-09-10
S2✓ 
  Times: ECP=0.29s, ESH=0.319s, MILP=0.93s

================================================================================
TESTING 30% REDUCTION
================================================================================

--------------------------------------------------------------------------------
Reduction 30% - Case 1/5 (Sample #3)
--------------------------------------------------------------------------------
  y_factual = 99674.72
  y_target = 69772.3 (30% reduction)

  Running trials: Set parameter Username
Set parameter LicenseID to value 2707036
Academic license - for non-commercial use only - expires 2026-09-10
Set parameter Username
Set parameter LicenseID to value 2707036
Academic license - for non-commercial use only - expires 2026-09-10
S3✓ Factual: y = 99674.72
Target: y = 69772.3031 ± 139.54460625
Parameters: sparsity=0.05, time_limit=600.0s
Set parameter Username
Set parameter LicenseID to value 2707036
Academic license - for non-commercial use only - expires 2026-09-10
Solving MIP...
✓ Found counterfactual!
  Distance: 11.4036
  Changed features: 9/236
  Predicted value: 69911.8477
  Target error: 139.544606
  Solve time: 1.57s

  Changed features (showing up to 20):
    Feature  42: 0.9119 → 0.0000 (Δ = -0.9119)
    Feature  49: 0.7505 → 0.0000 (Δ = -0.7505)
    Feature  54: 1.1433 → 0.0000 (Δ = -1.1433)
    Feature  56: 0.8508 → 0.0000 (Δ = -0.8508)
    Feature  59: 3.1551 → 0.0000 (Δ = -3.1551)
    Feature  60: 0.8790 → 0.0000 (Δ = -0.8790)
    Feature  62: 0.8316 → 0.0000 (Δ = -0.8316)
    Feature 112: 0.7118 → 0.0000 (Δ = -0.7118)
    Feature 116: 2.2612 → 0.0917 (Δ = -2.1695)
M3✓ Set parameter Username
Set parameter LicenseID to value 2707036
Academic license - for non-commercial use only - expires 2026-09-10
Set parameter Username
Set parameter LicenseID to value 2707036
Academic license - for non-commercial use only - expires 2026-09-10
S2✓ Set parameter Username
Set parameter LicenseID to value 2707036
Academic license - for non-commercial use only - expires 2026-09-10
E2✓ Set parameter Username
Set parameter LicenseID to value 2707036
Academic license - for non-commercial use only - expires 2026-09-10
Set parameter Username
Set parameter LicenseID to value 2707036
Academic license - for non-commercial use only - expires 2026-09-10
S1✓ Factual: y = 99674.72
Target: y = 69772.3031 ± 139.54460625
Parameters: sparsity=0.05, time_limit=600.0s
Set parameter Username
Set parameter LicenseID to value 2707036
Academic license - for non-commercial use only - expires 2026-09-10
Solving MIP...
✓ Found counterfactual!
  Distance: 11.4036
  Changed features: 9/236
  Predicted value: 69911.8477
  Target error: 139.544606
  Solve time: 1.46s

  Changed features (showing up to 20):
    Feature  42: 0.9119 → 0.0000 (Δ = -0.9119)
    Feature  49: 0.7505 → 0.0000 (Δ = -0.7505)
    Feature  54: 1.1433 → 0.0000 (Δ = -1.1433)
    Feature  56: 0.8508 → 0.0000 (Δ = -0.8508)
    Feature  59: 3.1551 → 0.0000 (Δ = -3.1551)
    Feature  60: 0.8790 → 0.0000 (Δ = -0.8790)
    Feature  62: 0.8316 → 0.0000 (Δ = -0.8316)
    Feature 112: 0.7118 → 0.0000 (Δ = -0.7118)
    Feature 116: 2.2612 → 0.0917 (Δ = -2.1695)
M1✓ Factual: y = 99674.72
Target: y = 69772.3031 ± 139.54460625
Parameters: sparsity=0.05, time_limit=600.0s
Set parameter Username
Set parameter LicenseID to value 2707036
Academic license - for non-commercial use only - expires 2026-09-10
Solving MIP...
✓ Found counterfactual!
  Distance: 11.4036
  Changed features: 9/236
  Predicted value: 69911.8477
  Target error: 139.544606
  Solve time: 1.67s

  Changed features (showing up to 20):
    Feature  42: 0.9119 → 0.0000 (Δ = -0.9119)
    Feature  49: 0.7505 → 0.0000 (Δ = -0.7505)
    Feature  54: 1.1433 → 0.0000 (Δ = -1.1433)
    Feature  56: 0.8508 → 0.0000 (Δ = -0.8508)
    Feature  59: 3.1551 → 0.0000 (Δ = -3.1551)
    Feature  60: 0.8790 → 0.0000 (Δ = -0.8790)
    Feature  62: 0.8316 → 0.0000 (Δ = -0.8316)
    Feature 112: 0.7118 → 0.0000 (Δ = -0.7118)
    Feature 116: 2.2612 → 0.0917 (Δ = -2.1695)
M2✓ Set parameter Username
Set parameter LicenseID to value 2707036
Academic license - for non-commercial use only - expires 2026-09-10
E3✓ Set parameter Username
Set parameter LicenseID to value 2707036
Academic license - for non-commercial use only - expires 2026-09-10
E1✓ 
  Times: ECP=0.662s, ESH=0.807s, MILP=1.568s

--------------------------------------------------------------------------------
Reduction 30% - Case 2/5 (Sample #4)
--------------------------------------------------------------------------------
  y_factual = 95440.16
  y_target = 66808.11 (30% reduction)

  Running trials: Factual: y = 95440.164
Target: y = 66808.1148 ± 133.61622968749998
Parameters: sparsity=0.05, time_limit=600.0s
Set parameter Username
Set parameter LicenseID to value 2707036
Academic license - for non-commercial use only - expires 2026-09-10
Solving MIP...
✓ Found counterfactual!
  Distance: 10.9866
  Changed features: 8/236
  Predicted value: 66941.7311
  Target error: 133.61623
  Solve time: 0.88s

  Changed features (showing up to 20):
    Feature  49: 0.6856 → 0.0000 (Δ = -0.6856)
    Feature  54: 1.0005 → 0.0000 (Δ = -1.0005)
    Feature  56: 1.0065 → 0.0000 (Δ = -1.0065)
    Feature  59: 3.0339 → 0.0000 (Δ = -3.0339)
    Feature  60: 0.9954 → 0.0000 (Δ = -0.9954)
    Feature  62: 0.7918 → 0.0000 (Δ = -0.7918)
    Feature  80: 1.6793 → 0.1039 (Δ = -1.5754)
    Feature 116: 1.8976 → 0.0000 (Δ = -1.8976)
M1✓ Factual: y = 95440.164
Target: y = 66808.1148 ± 133.61622968749998
Parameters: sparsity=0.05, time_limit=600.0s
Set parameter Username
Set parameter LicenseID to value 2707036
Academic license - for non-commercial use only - expires 2026-09-10
Solving MIP...
✓ Found counterfactual!
  Distance: 10.9866
  Changed features: 8/236
  Predicted value: 66941.7311
  Target error: 133.61623
  Solve time: 0.88s

  Changed features (showing up to 20):
    Feature  49: 0.6856 → 0.0000 (Δ = -0.6856)
    Feature  54: 1.0005 → 0.0000 (Δ = -1.0005)
    Feature  56: 1.0065 → 0.0000 (Δ = -1.0065)
    Feature  59: 3.0339 → 0.0000 (Δ = -3.0339)
    Feature  60: 0.9954 → 0.0000 (Δ = -0.9954)
    Feature  62: 0.7918 → 0.0000 (Δ = -0.7918)
    Feature  80: 1.6793 → 0.1039 (Δ = -1.5754)
    Feature 116: 1.8976 → 0.0000 (Δ = -1.8976)
M3✓ Set parameter Username
Set parameter LicenseID to value 2707036
Academic license - for non-commercial use only - expires 2026-09-10
E2✓ Set parameter Username
Set parameter LicenseID to value 2707036
Academic license - for non-commercial use only - expires 2026-09-10
Set parameter Username
Set parameter LicenseID to value 2707036
Academic license - for non-commercial use only - expires 2026-09-10
S2✓ Factual: y = 95440.164
Target: y = 66808.1148 ± 133.61622968749998
Parameters: sparsity=0.05, time_limit=600.0s
Set parameter Username
Set parameter LicenseID to value 2707036
Academic license - for non-commercial use only - expires 2026-09-10
Solving MIP...
✓ Found counterfactual!
  Distance: 10.9866
  Changed features: 8/236
  Predicted value: 66941.7311
  Target error: 133.61623
  Solve time: 1.15s

  Changed features (showing up to 20):
    Feature  49: 0.6856 → 0.0000 (Δ = -0.6856)
    Feature  54: 1.0005 → 0.0000 (Δ = -1.0005)
    Feature  56: 1.0065 → 0.0000 (Δ = -1.0065)
    Feature  59: 3.0339 → 0.0000 (Δ = -3.0339)
    Feature  60: 0.9954 → 0.0000 (Δ = -0.9954)
    Feature  62: 0.7918 → 0.0000 (Δ = -0.7918)
    Feature  80: 1.6793 → 0.1039 (Δ = -1.5754)
    Feature 116: 1.8976 → 0.0000 (Δ = -1.8976)
M2✓ Set parameter Username
Set parameter LicenseID to value 2707036
Academic license - for non-commercial use only - expires 2026-09-10
E1✓ Set parameter Username
Set parameter LicenseID to value 2707036
Academic license - for non-commercial use only - expires 2026-09-10
Set parameter Username
Set parameter LicenseID to value 2707036
Academic license - for non-commercial use only - expires 2026-09-10
S1✓ Set parameter Username
Set parameter LicenseID to value 2707036
Academic license - for non-commercial use only - expires 2026-09-10
E3✓ Set parameter Username
Set parameter LicenseID to value 2707036
Academic license - for non-commercial use only - expires 2026-09-10
Set parameter Username
Set parameter LicenseID to value 2707036
Academic license - for non-commercial use only - expires 2026-09-10
S3✓ 
  Times: ECP=0.311s, ESH=0.437s, MILP=0.973s

--------------------------------------------------------------------------------
Reduction 30% - Case 3/5 (Sample #12)
--------------------------------------------------------------------------------
  y_factual = 96844.52
  y_target = 67791.16 (30% reduction)

  Running trials: Set parameter Username
Set parameter LicenseID to value 2707036
Academic license - for non-commercial use only - expires 2026-09-10
E3✓ Set parameter Username
Set parameter LicenseID to value 2707036
Academic license - for non-commercial use only - expires 2026-09-10
Set parameter Username
Set parameter LicenseID to value 2707036
Academic license - for non-commercial use only - expires 2026-09-10
S1✓ Set parameter Username
Set parameter LicenseID to value 2707036
Academic license - for non-commercial use only - expires 2026-09-10
Set parameter Username
Set parameter LicenseID to value 2707036
Academic license - for non-commercial use only - expires 2026-09-10
S3✓ Set parameter Username
Set parameter LicenseID to value 2707036
Academic license - for non-commercial use only - expires 2026-09-10
Set parameter Username
Set parameter LicenseID to value 2707036
Academic license - for non-commercial use only - expires 2026-09-10
S2✓ Factual: y = 96844.516
Target: y = 67791.1609 ± 135.582321875
Parameters: sparsity=0.05, time_limit=600.0s
Set parameter Username
Set parameter LicenseID to value 2707036
Academic license - for non-commercial use only - expires 2026-09-10
Solving MIP...
✓ Found counterfactual!
  Distance: 11.1202
  Changed features: 8/236
  Predicted value: 67926.7433
  Target error: 135.582322
  Solve time: 1.23s

  Changed features (showing up to 20):
    Feature  42: 1.1449 → 0.0000 (Δ = -1.1449)
    Feature  49: 1.0140 → 0.0000 (Δ = -1.0140)
    Feature  56: 0.7209 → 0.0000 (Δ = -0.7209)
    Feature  59: 3.5646 → 0.0000 (Δ = -3.5646)
    Feature  60: 0.8108 → 0.0000 (Δ = -0.8108)
    Feature  62: 0.7939 → 0.0000 (Δ = -0.7939)
    Feature  80: 1.4765 → 0.1523 (Δ = -1.3242)
    Feature 116: 1.7470 → 0.0000 (Δ = -1.7470)
M2✓ Set parameter Username
Set parameter LicenseID to value 2707036
Academic license - for non-commercial use only - expires 2026-09-10
E2✓ Factual: y = 96844.516
Target: y = 67791.1609 ± 135.582321875
Parameters: sparsity=0.05, time_limit=600.0s
Set parameter Username
Set parameter LicenseID to value 2707036
Academic license - for non-commercial use only - expires 2026-09-10
Solving MIP...
✓ Found counterfactual!
  Distance: 11.1202
  Changed features: 8/236
  Predicted value: 67926.7433
  Target error: 135.582322
  Solve time: 1.23s

  Changed features (showing up to 20):
    Feature  42: 1.1449 → 0.0000 (Δ = -1.1449)
    Feature  49: 1.0140 → 0.0000 (Δ = -1.0140)
    Feature  56: 0.7209 → 0.0000 (Δ = -0.7209)
    Feature  59: 3.5646 → 0.0000 (Δ = -3.5646)
    Feature  60: 0.8108 → 0.0000 (Δ = -0.8108)
    Feature  62: 0.7939 → 0.0000 (Δ = -0.7939)
    Feature  80: 1.4765 → 0.1523 (Δ = -1.3242)
    Feature 116: 1.7470 → 0.0000 (Δ = -1.7470)
M1✓ Factual: y = 96844.516
Target: y = 67791.1609 ± 135.582321875
Parameters: sparsity=0.05, time_limit=600.0s
Set parameter Username
Set parameter LicenseID to value 2707036
Academic license - for non-commercial use only - expires 2026-09-10
Solving MIP...
✓ Found counterfactual!
  Distance: 11.1202
  Changed features: 8/236
  Predicted value: 67926.7433
  Target error: 135.582322
  Solve time: 1.19s

  Changed features (showing up to 20):
    Feature  42: 1.1449 → 0.0000 (Δ = -1.1449)
    Feature  49: 1.0140 → 0.0000 (Δ = -1.0140)
    Feature  56: 0.7209 → 0.0000 (Δ = -0.7209)
    Feature  59: 3.5646 → 0.0000 (Δ = -3.5646)
    Feature  60: 0.8108 → 0.0000 (Δ = -0.8108)
    Feature  62: 0.7939 → 0.0000 (Δ = -0.7939)
    Feature  80: 1.4765 → 0.1523 (Δ = -1.3242)
    Feature 116: 1.7470 → 0.0000 (Δ = -1.7470)
M3✓ Set parameter Username
Set parameter LicenseID to value 2707036
Academic license - for non-commercial use only - expires 2026-09-10
E1✓ 
  Times: ECP=4.129s, ESH=4.651s, MILP=1.218s

================================================================================
TESTING 40% REDUCTION
================================================================================

--------------------------------------------------------------------------------
Reduction 40% - Case 1/5 (Sample #3)
--------------------------------------------------------------------------------
  y_factual = 99674.72
  y_target = 59804.83 (40% reduction)

  Running trials: Set parameter Username
Set parameter LicenseID to value 2707036
Academic license - for non-commercial use only - expires 2026-09-10
Set parameter Username
Set parameter LicenseID to value 2707036
Academic license - for non-commercial use only - expires 2026-09-10
S3✓ Factual: y = 99674.72
Target: y = 59804.8312 ± 119.6096625
Parameters: sparsity=0.05, time_limit=600.0s
Set parameter Username
Set parameter LicenseID to value 2707036
Academic license - for non-commercial use only - expires 2026-09-10
Solving MIP...
✓ Found counterfactual!
  Distance: 15.3863
  Changed features: 13/236
  Predicted value: 59924.4409
  Target error: 119.609662
  Solve time: 1.08s

  Changed features (showing up to 20):
    Feature  15: 1.1524 → 0.0000 (Δ = -1.1524)
    Feature  18: 0.6312 → 0.0000 (Δ = -0.6312)
    Feature  42: 0.9119 → 0.0000 (Δ = -0.9119)
    Feature  49: 0.7505 → 0.0000 (Δ = -0.7505)
    Feature  54: 1.1433 → 0.0000 (Δ = -1.1433)
    Feature  55: 0.6813 → 0.0000 (Δ = -0.6813)
    Feature  56: 0.8508 → 0.0000 (Δ = -0.8508)
    Feature  59: 3.1551 → 0.0000 (Δ = -3.1551)
    Feature  60: 0.8790 → 0.0000 (Δ = -0.8790)
    Feature  62: 0.8316 → 0.0000 (Δ = -0.8316)
    Feature  80: 1.6238 → 0.1975 (Δ = -1.4263)
    Feature 112: 0.7118 → 0.0000 (Δ = -0.7118)
    Feature 116: 2.2612 → 0.0000 (Δ = -2.2612)
M3✓ Set parameter Username
Set parameter LicenseID to value 2707036
Academic license - for non-commercial use only - expires 2026-09-10
E2✓ Set parameter Username
Set parameter LicenseID to value 2707036
Academic license - for non-commercial use only - expires 2026-09-10
Set parameter Username
Set parameter LicenseID to value 2707036
Academic license - for non-commercial use only - expires 2026-09-10
S1✓ Set parameter Username
Set parameter LicenseID to value 2707036
Academic license - for non-commercial use only - expires 2026-09-10
E1✓ Factual: y = 99674.72
Target: y = 59804.8312 ± 119.6096625
Parameters: sparsity=0.05, time_limit=600.0s
Set parameter Username
Set parameter LicenseID to value 2707036
Academic license - for non-commercial use only - expires 2026-09-10
Solving MIP...
✓ Found counterfactual!
  Distance: 15.3863
  Changed features: 13/236
  Predicted value: 59924.4409
  Target error: 119.609662
  Solve time: 1.02s

  Changed features (showing up to 20):
    Feature  15: 1.1524 → 0.0000 (Δ = -1.1524)
    Feature  18: 0.6312 → 0.0000 (Δ = -0.6312)
    Feature  42: 0.9119 → 0.0000 (Δ = -0.9119)
    Feature  49: 0.7505 → 0.0000 (Δ = -0.7505)
    Feature  54: 1.1433 → 0.0000 (Δ = -1.1433)
    Feature  55: 0.6813 → 0.0000 (Δ = -0.6813)
    Feature  56: 0.8508 → 0.0000 (Δ = -0.8508)
    Feature  59: 3.1551 → 0.0000 (Δ = -3.1551)
    Feature  60: 0.8790 → 0.0000 (Δ = -0.8790)
    Feature  62: 0.8316 → 0.0000 (Δ = -0.8316)
    Feature  80: 1.6238 → 0.1975 (Δ = -1.4263)
    Feature 112: 0.7118 → 0.0000 (Δ = -0.7118)
    Feature 116: 2.2612 → 0.0000 (Δ = -2.2612)
M2✓ Factual: y = 99674.72
Target: y = 59804.8312 ± 119.6096625
Parameters: sparsity=0.05, time_limit=600.0s
Set parameter Username
Set parameter LicenseID to value 2707036
Academic license - for non-commercial use only - expires 2026-09-10
Solving MIP...
✓ Found counterfactual!
  Distance: 15.3863
  Changed features: 13/236
  Predicted value: 59924.4409
  Target error: 119.609662
  Solve time: 1.14s

  Changed features (showing up to 20):
    Feature  15: 1.1524 → 0.0000 (Δ = -1.1524)
    Feature  18: 0.6312 → 0.0000 (Δ = -0.6312)
    Feature  42: 0.9119 → 0.0000 (Δ = -0.9119)
    Feature  49: 0.7505 → 0.0000 (Δ = -0.7505)
    Feature  54: 1.1433 → 0.0000 (Δ = -1.1433)
    Feature  55: 0.6813 → 0.0000 (Δ = -0.6813)
    Feature  56: 0.8508 → 0.0000 (Δ = -0.8508)
    Feature  59: 3.1551 → 0.0000 (Δ = -3.1551)
    Feature  60: 0.8790 → 0.0000 (Δ = -0.8790)
    Feature  62: 0.8316 → 0.0000 (Δ = -0.8316)
    Feature  80: 1.6238 → 0.1975 (Δ = -1.4263)
    Feature 112: 0.7118 → 0.0000 (Δ = -0.7118)
    Feature 116: 2.2612 → 0.0000 (Δ = -2.2612)
M1✓ Set parameter Username
Set parameter LicenseID to value 2707036
Academic license - for non-commercial use only - expires 2026-09-10
E3✓ Set parameter Username
Set parameter LicenseID to value 2707036
Academic license - for non-commercial use only - expires 2026-09-10
Set parameter Username
Set parameter LicenseID to value 2707036
Academic license - for non-commercial use only - expires 2026-09-10
S2✓ 
  Times: ECP=3.036s, ESH=4.779s, MILP=1.08s

--------------------------------------------------------------------------------
Reduction 40% - Case 2/5 (Sample #4)
--------------------------------------------------------------------------------
  y_factual = 95440.16
  y_target = 57264.1 (40% reduction)

  Running trials: Set parameter Username
Set parameter LicenseID to value 2707036
Academic license - for non-commercial use only - expires 2026-09-10
Set parameter Username
Set parameter LicenseID to value 2707036
Academic license - for non-commercial use only - expires 2026-09-10
S3✓ Factual: y = 95440.164
Target: y = 57264.0984 ± 114.52819687499999
Parameters: sparsity=0.05, time_limit=600.0s
Set parameter Username
Set parameter LicenseID to value 2707036
Academic license - for non-commercial use only - expires 2026-09-10
Solving MIP...
✓ Found counterfactual!
  Distance: 14.7611
  Changed features: 13/236
  Predicted value: 57378.6266
  Target error: 114.528197
  Solve time: 1.28s

  Changed features (showing up to 20):
    Feature  11: 0.8384 → 0.0000 (Δ = -0.8384)
    Feature  15: 0.7535 → 0.0000 (Δ = -0.7535)
    Feature  18: 0.6523 → 0.0000 (Δ = -0.6523)
    Feature  42: 0.7937 → 0.0000 (Δ = -0.7937)
    Feature  49: 0.6856 → 0.0000 (Δ = -0.6856)
    Feature  54: 1.0005 → 0.0000 (Δ = -1.0005)
    Feature  56: 1.0065 → 0.0000 (Δ = -1.0065)
    Feature  59: 3.0339 → 0.0000 (Δ = -3.0339)
    Feature  60: 0.9954 → 0.0000 (Δ = -0.9954)
    Feature  62: 0.7918 → 0.0000 (Δ = -0.7918)
    Feature  80: 1.6793 → 0.0000 (Δ = -1.6793)
    Feature 112: 0.6571 → 0.0000 (Δ = -0.6571)
    Feature 116: 1.8976 → 0.0244 (Δ = -1.8732)
M2✓ Factual: y = 95440.164
Target: y = 57264.0984 ± 114.52819687499999
Parameters: sparsity=0.05, time_limit=600.0s
Set parameter Username
Set parameter LicenseID to value 2707036
Academic license - for non-commercial use only - expires 2026-09-10
Solving MIP...
✓ Found counterfactual!
  Distance: 14.7611
  Changed features: 13/236
  Predicted value: 57378.6266
  Target error: 114.528197
  Solve time: 1.12s

  Changed features (showing up to 20):
    Feature  11: 0.8384 → 0.0000 (Δ = -0.8384)
    Feature  15: 0.7535 → 0.0000 (Δ = -0.7535)
    Feature  18: 0.6523 → 0.0000 (Δ = -0.6523)
    Feature  42: 0.7937 → 0.0000 (Δ = -0.7937)
    Feature  49: 0.6856 → 0.0000 (Δ = -0.6856)
    Feature  54: 1.0005 → 0.0000 (Δ = -1.0005)
    Feature  56: 1.0065 → 0.0000 (Δ = -1.0065)
    Feature  59: 3.0339 → 0.0000 (Δ = -3.0339)
    Feature  60: 0.9954 → 0.0000 (Δ = -0.9954)
    Feature  62: 0.7918 → 0.0000 (Δ = -0.7918)
    Feature  80: 1.6793 → 0.0000 (Δ = -1.6793)
    Feature 112: 0.6571 → 0.0000 (Δ = -0.6571)
    Feature 116: 1.8976 → 0.0244 (Δ = -1.8732)
M3✓ Set parameter Username
Set parameter LicenseID to value 2707036
Academic license - for non-commercial use only - expires 2026-09-10
Set parameter Username
Set parameter LicenseID to value 2707036
Academic license - for non-commercial use only - expires 2026-09-10
S2✓ Set parameter Username
Set parameter LicenseID to value 2707036
Academic license - for non-commercial use only - expires 2026-09-10
E3✓ Factual: y = 95440.164
Target: y = 57264.0984 ± 114.52819687499999
Parameters: sparsity=0.05, time_limit=600.0s
Set parameter Username
Set parameter LicenseID to value 2707036
Academic license - for non-commercial use only - expires 2026-09-10
Solving MIP...
✓ Found counterfactual!
  Distance: 14.7611
  Changed features: 13/236
  Predicted value: 57378.6266
  Target error: 114.528197
  Solve time: 1.24s

  Changed features (showing up to 20):
    Feature  11: 0.8384 → 0.0000 (Δ = -0.8384)
    Feature  15: 0.7535 → 0.0000 (Δ = -0.7535)
    Feature  18: 0.6523 → 0.0000 (Δ = -0.6523)
    Feature  42: 0.7937 → 0.0000 (Δ = -0.7937)
    Feature  49: 0.6856 → 0.0000 (Δ = -0.6856)
    Feature  54: 1.0005 → 0.0000 (Δ = -1.0005)
    Feature  56: 1.0065 → 0.0000 (Δ = -1.0065)
    Feature  59: 3.0339 → 0.0000 (Δ = -3.0339)
    Feature  60: 0.9954 → 0.0000 (Δ = -0.9954)
    Feature  62: 0.7918 → 0.0000 (Δ = -0.7918)
    Feature  80: 1.6793 → 0.0000 (Δ = -1.6793)
    Feature 112: 0.6571 → 0.0000 (Δ = -0.6571)
    Feature 116: 1.8976 → 0.0244 (Δ = -1.8732)
M1✓ Set parameter Username
Set parameter LicenseID to value 2707036
Academic license - for non-commercial use only - expires 2026-09-10
E2✓ Set parameter Username
Set parameter LicenseID to value 2707036
Academic license - for non-commercial use only - expires 2026-09-10
Set parameter Username
Set parameter LicenseID to value 2707036
Academic license - for non-commercial use only - expires 2026-09-10
S1✓ Set parameter Username
Set parameter LicenseID to value 2707036
Academic license - for non-commercial use only - expires 2026-09-10
E1✓ 
  Times: ECP=2.394s, ESH=2.211s, MILP=1.212s

--------------------------------------------------------------------------------
Reduction 40% - Case 3/5 (Sample #12)
--------------------------------------------------------------------------------
  y_factual = 96844.52
  y_target = 58106.71 (40% reduction)

  Running trials: Set parameter Username
Set parameter LicenseID to value 2707036
Academic license - for non-commercial use only - expires 2026-09-10
E1✓ Set parameter Username
Set parameter LicenseID to value 2707036
Academic license - for non-commercial use only - expires 2026-09-10
Set parameter Username
Set parameter LicenseID to value 2707036
Academic license - for non-commercial use only - expires 2026-09-10
S1✓ Set parameter Username
Set parameter LicenseID to value 2707036
Academic license - for non-commercial use only - expires 2026-09-10
E3✓ Factual: y = 96844.516
Target: y = 58106.7094 ± 116.21341875
Parameters: sparsity=0.05, time_limit=600.0s
Set parameter Username
Set parameter LicenseID to value 2707036
Academic license - for non-commercial use only - expires 2026-09-10
Solving MIP...
✓ Found counterfactual!
  Distance: 14.9302
  Changed features: 13/236
  Predicted value: 58222.9228
  Target error: 116.213419
  Solve time: 1.19s

  Changed features (showing up to 20):
    Feature  15: 1.0886 → 0.0107 (Δ = -1.0779)
    Feature  18: 0.7649 → 0.0000 (Δ = -0.7649)
    Feature  42: 1.1449 → 0.0000 (Δ = -1.1449)
    Feature  49: 1.0140 → 0.0000 (Δ = -1.0140)
    Feature  54: 0.8715 → 0.0000 (Δ = -0.8715)
    Feature  55: 0.6840 → 0.0000 (Δ = -0.6840)
    Feature  56: 0.7209 → 0.0000 (Δ = -0.7209)
    Feature  59: 3.5646 → 0.0000 (Δ = -3.5646)
    Feature  60: 0.8108 → 0.0000 (Δ = -0.8108)
    Feature  62: 0.7939 → 0.0000 (Δ = -0.7939)
    Feature  80: 1.4765 → 0.4017 (Δ = -1.0748)
    Feature 112: 0.6611 → 0.0000 (Δ = -0.6611)
    Feature 116: 1.7470 → 0.0000 (Δ = -1.7470)
M1✓ Factual: y = 96844.516
Target: y = 58106.7094 ± 116.21341875
Parameters: sparsity=0.05, time_limit=600.0s
Set parameter Username
Set parameter LicenseID to value 2707036
Academic license - for non-commercial use only - expires 2026-09-10
Solving MIP...
✓ Found counterfactual!
  Distance: 14.9302
  Changed features: 13/236
  Predicted value: 58222.9228
  Target error: 116.213419
  Solve time: 1.07s

  Changed features (showing up to 20):
    Feature  15: 1.0886 → 0.0107 (Δ = -1.0779)
    Feature  18: 0.7649 → 0.0000 (Δ = -0.7649)
    Feature  42: 1.1449 → 0.0000 (Δ = -1.1449)
    Feature  49: 1.0140 → 0.0000 (Δ = -1.0140)
    Feature  54: 0.8715 → 0.0000 (Δ = -0.8715)
    Feature  55: 0.6840 → 0.0000 (Δ = -0.6840)
    Feature  56: 0.7209 → 0.0000 (Δ = -0.7209)
    Feature  59: 3.5646 → 0.0000 (Δ = -3.5646)
    Feature  60: 0.8108 → 0.0000 (Δ = -0.8108)
    Feature  62: 0.7939 → 0.0000 (Δ = -0.7939)
    Feature  80: 1.4765 → 0.4017 (Δ = -1.0748)
    Feature 112: 0.6611 → 0.0000 (Δ = -0.6611)
    Feature 116: 1.7470 → 0.0000 (Δ = -1.7470)
M3✓ Factual: y = 96844.516
Target: y = 58106.7094 ± 116.21341875
Parameters: sparsity=0.05, time_limit=600.0s
Set parameter Username
Set parameter LicenseID to value 2707036
Academic license - for non-commercial use only - expires 2026-09-10
Solving MIP...
✓ Found counterfactual!
  Distance: 14.9302
  Changed features: 13/236
  Predicted value: 58222.9228
  Target error: 116.213419
  Solve time: 0.95s

  Changed features (showing up to 20):
    Feature  15: 1.0886 → 0.0107 (Δ = -1.0779)
    Feature  18: 0.7649 → 0.0000 (Δ = -0.7649)
    Feature  42: 1.1449 → 0.0000 (Δ = -1.1449)
    Feature  49: 1.0140 → 0.0000 (Δ = -1.0140)
    Feature  54: 0.8715 → 0.0000 (Δ = -0.8715)
    Feature  55: 0.6840 → 0.0000 (Δ = -0.6840)
    Feature  56: 0.7209 → 0.0000 (Δ = -0.7209)
    Feature  59: 3.5646 → 0.0000 (Δ = -3.5646)
    Feature  60: 0.8108 → 0.0000 (Δ = -0.8108)
    Feature  62: 0.7939 → 0.0000 (Δ = -0.7939)
    Feature  80: 1.4765 → 0.4017 (Δ = -1.0748)
    Feature 112: 0.6611 → 0.0000 (Δ = -0.6611)
    Feature 116: 1.7470 → 0.0000 (Δ = -1.7470)
M2✓ Set parameter Username
Set parameter LicenseID to value 2707036
Academic license - for non-commercial use only - expires 2026-09-10
Set parameter Username
Set parameter LicenseID to value 2707036
Academic license - for non-commercial use only - expires 2026-09-10
S3✓ Set parameter Username
Set parameter LicenseID to value 2707036
Academic license - for non-commercial use only - expires 2026-09-10
E2✓ Set parameter Username
Set parameter LicenseID to value 2707036
Academic license - for non-commercial use only - expires 2026-09-10
Set parameter Username
Set parameter LicenseID to value 2707036
Academic license - for non-commercial use only - expires 2026-09-10
S2✓ 
  Times: ECP=4.149s, ESH=3.097s, MILP=1.07s

================================================================================
TESTING 50% REDUCTION
================================================================================

--------------------------------------------------------------------------------
Reduction 50% - Case 1/5 (Sample #3)
--------------------------------------------------------------------------------
  y_factual = 99674.72
  y_target = 49837.36 (50% reduction)

  Running trials: Factual: y = 99674.72
Target: y = 49837.3594 ± 99.67471875
Parameters: sparsity=0.05, time_limit=600.0s
Set parameter Username
Set parameter LicenseID to value 2707036
Academic license - for non-commercial use only - expires 2026-09-10
Solving MIP...
✓ Found counterfactual!
  Distance: 19.4326
  Changed features: 17/236
  Predicted value: 49937.0341
  Target error: 99.674719
  Solve time: 1.14s

  Changed features (showing up to 20):
    Feature  11: 0.5777 → 0.0000 (Δ = -0.5777)
    Feature  15: 1.1524 → 0.0000 (Δ = -1.1524)
    Feature  18: 0.6312 → 0.0000 (Δ = -0.6312)
    Feature  40: 0.8549 → 0.0000 (Δ = -0.8549)
    Feature  42: 0.9119 → 0.0000 (Δ = -0.9119)
    Feature  49: 0.7505 → 0.0000 (Δ = -0.7505)
    Feature  54: 1.1433 → 0.0000 (Δ = -1.1433)
    Feature  55: 0.6813 → 0.0000 (Δ = -0.6813)
    Feature  56: 0.8508 → 0.0000 (Δ = -0.8508)
    Feature  59: 3.1551 → 0.0000 (Δ = -3.1551)
    Feature  60: 0.8790 → 0.0000 (Δ = -0.8790)
    Feature  62: 0.8316 → 0.0000 (Δ = -0.8316)
    Feature  76: 0.4847 → 0.0000 (Δ = -0.4847)
    Feature  80: 1.6238 → 0.0000 (Δ = -1.6238)
    Feature  90: 2.0464 → 0.1148 (Δ = -1.9316)
    Feature 112: 0.7118 → 0.0000 (Δ = -0.7118)
    Feature 116: 2.2612 → 0.0000 (Δ = -2.2612)
M1✓ Factual: y = 99674.72
Target: y = 49837.3594 ± 99.67471875
Parameters: sparsity=0.05, time_limit=600.0s
Set parameter Username
Set parameter LicenseID to value 2707036
Academic license - for non-commercial use only - expires 2026-09-10
Solving MIP...
✓ Found counterfactual!
  Distance: 19.4326
  Changed features: 17/236
  Predicted value: 49937.0341
  Target error: 99.674719
  Solve time: 1.08s

  Changed features (showing up to 20):
    Feature  11: 0.5777 → 0.0000 (Δ = -0.5777)
    Feature  15: 1.1524 → 0.0000 (Δ = -1.1524)
    Feature  18: 0.6312 → 0.0000 (Δ = -0.6312)
    Feature  40: 0.8549 → 0.0000 (Δ = -0.8549)
    Feature  42: 0.9119 → 0.0000 (Δ = -0.9119)
    Feature  49: 0.7505 → 0.0000 (Δ = -0.7505)
    Feature  54: 1.1433 → 0.0000 (Δ = -1.1433)
    Feature  55: 0.6813 → 0.0000 (Δ = -0.6813)
    Feature  56: 0.8508 → 0.0000 (Δ = -0.8508)
    Feature  59: 3.1551 → 0.0000 (Δ = -3.1551)
    Feature  60: 0.8790 → 0.0000 (Δ = -0.8790)
    Feature  62: 0.8316 → 0.0000 (Δ = -0.8316)
    Feature  76: 0.4847 → 0.0000 (Δ = -0.4847)
    Feature  80: 1.6238 → 0.0000 (Δ = -1.6238)
    Feature  90: 2.0464 → 0.1148 (Δ = -1.9316)
    Feature 112: 0.7118 → 0.0000 (Δ = -0.7118)
    Feature 116: 2.2612 → 0.0000 (Δ = -2.2612)
M3✓ Set parameter Username
Set parameter LicenseID to value 2707036
Academic license - for non-commercial use only - expires 2026-09-10
E1✓ Set parameter Username
Set parameter LicenseID to value 2707036
Academic license - for non-commercial use only - expires 2026-09-10
E3✓ Set parameter Username
Set parameter LicenseID to value 2707036
Academic license - for non-commercial use only - expires 2026-09-10
Set parameter Username
Set parameter LicenseID to value 2707036
Academic license - for non-commercial use only - expires 2026-09-10
S2✓ Set parameter Username
Set parameter LicenseID to value 2707036
Academic license - for non-commercial use only - expires 2026-09-10
E2✓ Set parameter Username
Set parameter LicenseID to value 2707036
Academic license - for non-commercial use only - expires 2026-09-10
Set parameter Username
Set parameter LicenseID to value 2707036
Academic license - for non-commercial use only - expires 2026-09-10
S3✓ Factual: y = 99674.72
Target: y = 49837.3594 ± 99.67471875
Parameters: sparsity=0.05, time_limit=600.0s
Set parameter Username
Set parameter LicenseID to value 2707036
Academic license - for non-commercial use only - expires 2026-09-10
Solving MIP...
✓ Found counterfactual!
  Distance: 19.4326
  Changed features: 17/236
  Predicted value: 49937.0341
  Target error: 99.674719
  Solve time: 1.32s

  Changed features (showing up to 20):
    Feature  11: 0.5777 → 0.0000 (Δ = -0.5777)
    Feature  15: 1.1524 → 0.0000 (Δ = -1.1524)
    Feature  18: 0.6312 → 0.0000 (Δ = -0.6312)
    Feature  40: 0.8549 → 0.0000 (Δ = -0.8549)
    Feature  42: 0.9119 → 0.0000 (Δ = -0.9119)
    Feature  49: 0.7505 → 0.0000 (Δ = -0.7505)
    Feature  54: 1.1433 → 0.0000 (Δ = -1.1433)
    Feature  55: 0.6813 → 0.0000 (Δ = -0.6813)
    Feature  56: 0.8508 → 0.0000 (Δ = -0.8508)
    Feature  59: 3.1551 → 0.0000 (Δ = -3.1551)
    Feature  60: 0.8790 → 0.0000 (Δ = -0.8790)
    Feature  62: 0.8316 → 0.0000 (Δ = -0.8316)
    Feature  76: 0.4847 → 0.0000 (Δ = -0.4847)
    Feature  80: 1.6238 → 0.0000 (Δ = -1.6238)
    Feature  90: 2.0464 → 0.1148 (Δ = -1.9316)
    Feature 112: 0.7118 → 0.0000 (Δ = -0.7118)
    Feature 116: 2.2612 → 0.0000 (Δ = -2.2612)
M2✓ Set parameter Username
Set parameter LicenseID to value 2707036
Academic license - for non-commercial use only - expires 2026-09-10
Set parameter Username
Set parameter LicenseID to value 2707036
Academic license - for non-commercial use only - expires 2026-09-10
S1✓ 
  Times: ECP=0.561s, ESH=0.666s, MILP=1.177s

--------------------------------------------------------------------------------
Reduction 50% - Case 2/5 (Sample #4)
--------------------------------------------------------------------------------
  y_factual = 95440.16
  y_target = 47720.08 (50% reduction)

  Running trials: Set parameter Username
Set parameter LicenseID to value 2707036
Academic license - for non-commercial use only - expires 2026-09-10
Set parameter Username
Set parameter LicenseID to value 2707036
Academic license - for non-commercial use only - expires 2026-09-10
S1✓ Set parameter Username
Set parameter LicenseID to value 2707036
Academic license - for non-commercial use only - expires 2026-09-10
E3✓ Factual: y = 95440.164
Target: y = 47720.082 ± 95.4401640625
Parameters: sparsity=0.05, time_limit=600.0s
Set parameter Username
Set parameter LicenseID to value 2707036
Academic license - for non-commercial use only - expires 2026-09-10
Solving MIP...
✓ Found counterfactual!
  Distance: 18.6519
  Changed features: 18/236
  Predicted value: 47815.5222
  Target error: 95.440164
  Solve time: 1.39s

  Changed features (showing up to 20):
    Feature  11: 0.8384 → 0.0000 (Δ = -0.8384)
    Feature  15: 0.7535 → 0.0000 (Δ = -0.7535)
    Feature  18: 0.6523 → 0.0000 (Δ = -0.6523)
    Feature  34: 0.6292 → 0.0000 (Δ = -0.6292)
    Feature  42: 0.7937 → 0.0000 (Δ = -0.7937)
    Feature  45: 0.6603 → 0.0000 (Δ = -0.6603)
    Feature  49: 0.6856 → 0.0000 (Δ = -0.6856)
    Feature  54: 1.0005 → 0.0000 (Δ = -1.0005)
    Feature  55: 0.6245 → 0.0000 (Δ = -0.6245)
    Feature  56: 1.0065 → 0.0000 (Δ = -1.0065)
    Feature  59: 3.0339 → 0.0000 (Δ = -3.0339)
    Feature  60: 0.9954 → 0.0000 (Δ = -0.9954)
    Feature  62: 0.7918 → 0.0000 (Δ = -0.7918)
    Feature  76: 0.5524 → 0.0000 (Δ = -0.5524)
    Feature  80: 1.6793 → 0.0000 (Δ = -1.6793)
    Feature  90: 1.6484 → 0.2485 (Δ = -1.4000)
    Feature 112: 0.6571 → 0.0000 (Δ = -0.6571)
    Feature 116: 1.8976 → 0.0000 (Δ = -1.8976)
M1✓ Set parameter Username
Set parameter LicenseID to value 2707036
Academic license - for non-commercial use only - expires 2026-09-10
Set parameter Username
Set parameter LicenseID to value 2707036
Academic license - for non-commercial use only - expires 2026-09-10
S3✓ Set parameter Username
Set parameter LicenseID to value 2707036
Academic license - for non-commercial use only - expires 2026-09-10
E2✓ Set parameter Username
Set parameter LicenseID to value 2707036
Academic license - for non-commercial use only - expires 2026-09-10
E1✓ Factual: y = 95440.164
Target: y = 47720.082 ± 95.4401640625
Parameters: sparsity=0.05, time_limit=600.0s
Set parameter Username
Set parameter LicenseID to value 2707036
Academic license - for non-commercial use only - expires 2026-09-10
Solving MIP...
✓ Found counterfactual!
  Distance: 18.6519
  Changed features: 18/236
  Predicted value: 47815.5222
  Target error: 95.440164
  Solve time: 1.45s

  Changed features (showing up to 20):
    Feature  11: 0.8384 → 0.0000 (Δ = -0.8384)
    Feature  15: 0.7535 → 0.0000 (Δ = -0.7535)
    Feature  18: 0.6523 → 0.0000 (Δ = -0.6523)
    Feature  34: 0.6292 → 0.0000 (Δ = -0.6292)
    Feature  42: 0.7937 → 0.0000 (Δ = -0.7937)
    Feature  45: 0.6603 → 0.0000 (Δ = -0.6603)
    Feature  49: 0.6856 → 0.0000 (Δ = -0.6856)
    Feature  54: 1.0005 → 0.0000 (Δ = -1.0005)
    Feature  55: 0.6245 → 0.0000 (Δ = -0.6245)
    Feature  56: 1.0065 → 0.0000 (Δ = -1.0065)
    Feature  59: 3.0339 → 0.0000 (Δ = -3.0339)
    Feature  60: 0.9954 → 0.0000 (Δ = -0.9954)
    Feature  62: 0.7918 → 0.0000 (Δ = -0.7918)
    Feature  76: 0.5524 → 0.0000 (Δ = -0.5524)
    Feature  80: 1.6793 → 0.0000 (Δ = -1.6793)
    Feature  90: 1.6484 → 0.2485 (Δ = -1.4000)
    Feature 112: 0.6571 → 0.0000 (Δ = -0.6571)
    Feature 116: 1.8976 → 0.0000 (Δ = -1.8976)
M3✓ Set parameter Username
Set parameter LicenseID to value 2707036
Academic license - for non-commercial use only - expires 2026-09-10
Set parameter Username
Set parameter LicenseID to value 2707036
Academic license - for non-commercial use only - expires 2026-09-10
S2✓ Factual: y = 95440.164
Target: y = 47720.082 ± 95.4401640625
Parameters: sparsity=0.05, time_limit=600.0s
Set parameter Username
Set parameter LicenseID to value 2707036
Academic license - for non-commercial use only - expires 2026-09-10
Solving MIP...
✓ Found counterfactual!
  Distance: 18.6519
  Changed features: 18/236
  Predicted value: 47815.5222
  Target error: 95.440164
  Solve time: 1.39s

  Changed features (showing up to 20):
    Feature  11: 0.8384 → 0.0000 (Δ = -0.8384)
    Feature  15: 0.7535 → 0.0000 (Δ = -0.7535)
    Feature  18: 0.6523 → 0.0000 (Δ = -0.6523)
    Feature  34: 0.6292 → 0.0000 (Δ = -0.6292)
    Feature  42: 0.7937 → 0.0000 (Δ = -0.7937)
    Feature  45: 0.6603 → 0.0000 (Δ = -0.6603)
    Feature  49: 0.6856 → 0.0000 (Δ = -0.6856)
    Feature  54: 1.0005 → 0.0000 (Δ = -1.0005)
    Feature  55: 0.6245 → 0.0000 (Δ = -0.6245)
    Feature  56: 1.0065 → 0.0000 (Δ = -1.0065)
    Feature  59: 3.0339 → 0.0000 (Δ = -3.0339)
    Feature  60: 0.9954 → 0.0000 (Δ = -0.9954)
    Feature  62: 0.7918 → 0.0000 (Δ = -0.7918)
    Feature  76: 0.5524 → 0.0000 (Δ = -0.5524)
    Feature  80: 1.6793 → 0.0000 (Δ = -1.6793)
    Feature  90: 1.6484 → 0.2485 (Δ = -1.4000)
    Feature 112: 0.6571 → 0.0000 (Δ = -0.6571)
    Feature 116: 1.8976 → 0.0000 (Δ = -1.8976)
M2✓ 
  Times: ECP=1.693s, ESH=1.264s, MILP=1.411s

--------------------------------------------------------------------------------
Reduction 50% - Case 3/5 (Sample #12)
--------------------------------------------------------------------------------
  y_factual = 96844.52
  y_target = 48422.26 (50% reduction)

  Running trials: Set parameter Username
Set parameter LicenseID to value 2707036
Academic license - for non-commercial use only - expires 2026-09-10
E1✓ Set parameter Username
Set parameter LicenseID to value 2707036
Academic license - for non-commercial use only - expires 2026-09-10
Set parameter Username
Set parameter LicenseID to value 2707036
Academic license - for non-commercial use only - expires 2026-09-10
S3✓ Set parameter Username
Set parameter LicenseID to value 2707036
Academic license - for non-commercial use only - expires 2026-09-10
E3✓ Set parameter Username
Set parameter LicenseID to value 2707036
Academic license - for non-commercial use only - expires 2026-09-10
E2✓ Factual: y = 96844.516
Target: y = 48422.2578 ± 96.844515625
Parameters: sparsity=0.05, time_limit=600.0s
Set parameter Username
Set parameter LicenseID to value 2707036
Academic license - for non-commercial use only - expires 2026-09-10
Solving MIP...
✓ Found counterfactual!
  Distance: 18.8721
  Changed features: 17/236
  Predicted value: 48519.1023
  Target error: 96.844516
  Solve time: 1.16s

  Changed features (showing up to 20):
    Feature  11: 0.5846 → 0.0000 (Δ = -0.5846)
    Feature  15: 1.0886 → 0.0000 (Δ = -1.0886)
    Feature  18: 0.7649 → 0.0000 (Δ = -0.7649)
    Feature  40: 0.8159 → 0.0000 (Δ = -0.8159)
    Feature  42: 1.1449 → 0.0000 (Δ = -1.1449)
    Feature  49: 1.0140 → 0.0000 (Δ = -1.0140)
    Feature  54: 0.8715 → 0.0000 (Δ = -0.8715)
    Feature  55: 0.6840 → 0.0000 (Δ = -0.6840)
    Feature  56: 0.7209 → 0.0000 (Δ = -0.7209)
    Feature  59: 3.5646 → 0.0000 (Δ = -3.5646)
    Feature  60: 0.8108 → 0.0000 (Δ = -0.8108)
    Feature  62: 0.7939 → 0.0000 (Δ = -0.7939)
    Feature  76: 0.8306 → 0.0000 (Δ = -0.8306)
    Feature  80: 1.4765 → 0.0000 (Δ = -1.4765)
    Feature  90: 1.6075 → 0.3091 (Δ = -1.2984)
    Feature 112: 0.6611 → 0.0000 (Δ = -0.6611)
    Feature 116: 1.7470 → 0.0000 (Δ = -1.7470)
M2✓ Factual: y = 96844.516
Target: y = 48422.2578 ± 96.844515625
Parameters: sparsity=0.05, time_limit=600.0s
Set parameter Username
Set parameter LicenseID to value 2707036
Academic license - for non-commercial use only - expires 2026-09-10
Solving MIP...
✓ Found counterfactual!
  Distance: 18.8721
  Changed features: 17/236
  Predicted value: 48519.1023
  Target error: 96.844516
  Solve time: 1.18s

  Changed features (showing up to 20):
    Feature  11: 0.5846 → 0.0000 (Δ = -0.5846)
    Feature  15: 1.0886 → 0.0000 (Δ = -1.0886)
    Feature  18: 0.7649 → 0.0000 (Δ = -0.7649)
    Feature  40: 0.8159 → 0.0000 (Δ = -0.8159)
    Feature  42: 1.1449 → 0.0000 (Δ = -1.1449)
    Feature  49: 1.0140 → 0.0000 (Δ = -1.0140)
    Feature  54: 0.8715 → 0.0000 (Δ = -0.8715)
    Feature  55: 0.6840 → 0.0000 (Δ = -0.6840)
    Feature  56: 0.7209 → 0.0000 (Δ = -0.7209)
    Feature  59: 3.5646 → 0.0000 (Δ = -3.5646)
    Feature  60: 0.8108 → 0.0000 (Δ = -0.8108)
    Feature  62: 0.7939 → 0.0000 (Δ = -0.7939)
    Feature  76: 0.8306 → 0.0000 (Δ = -0.8306)
    Feature  80: 1.4765 → 0.0000 (Δ = -1.4765)
    Feature  90: 1.6075 → 0.3091 (Δ = -1.2984)
    Feature 112: 0.6611 → 0.0000 (Δ = -0.6611)
    Feature 116: 1.7470 → 0.0000 (Δ = -1.7470)
M3✓ Set parameter Username
Set parameter LicenseID to value 2707036
Academic license - for non-commercial use only - expires 2026-09-10
Set parameter Username
Set parameter LicenseID to value 2707036
Academic license - for non-commercial use only - expires 2026-09-10
S2✓ Factual: y = 96844.516
Target: y = 48422.2578 ± 96.844515625
Parameters: sparsity=0.05, time_limit=600.0s
Set parameter Username
Set parameter LicenseID to value 2707036
Academic license - for non-commercial use only - expires 2026-09-10
Solving MIP...
✓ Found counterfactual!
  Distance: 18.8721
  Changed features: 17/236
  Predicted value: 48519.1023
  Target error: 96.844516
  Solve time: 1.18s

  Changed features (showing up to 20):
    Feature  11: 0.5846 → 0.0000 (Δ = -0.5846)
    Feature  15: 1.0886 → 0.0000 (Δ = -1.0886)
    Feature  18: 0.7649 → 0.0000 (Δ = -0.7649)
    Feature  40: 0.8159 → 0.0000 (Δ = -0.8159)
    Feature  42: 1.1449 → 0.0000 (Δ = -1.1449)
    Feature  49: 1.0140 → 0.0000 (Δ = -1.0140)
    Feature  54: 0.8715 → 0.0000 (Δ = -0.8715)
    Feature  55: 0.6840 → 0.0000 (Δ = -0.6840)
    Feature  56: 0.7209 → 0.0000 (Δ = -0.7209)
    Feature  59: 3.5646 → 0.0000 (Δ = -3.5646)
    Feature  60: 0.8108 → 0.0000 (Δ = -0.8108)
    Feature  62: 0.7939 → 0.0000 (Δ = -0.7939)
    Feature  76: 0.8306 → 0.0000 (Δ = -0.8306)
    Feature  80: 1.4765 → 0.0000 (Δ = -1.4765)
    Feature  90: 1.6075 → 0.3091 (Δ = -1.2984)
    Feature 112: 0.6611 → 0.0000 (Δ = -0.6611)
    Feature 116: 1.7470 → 0.0000 (Δ = -1.7470)
M1✓ Set parameter Username
Set parameter LicenseID to value 2707036
Academic license - for non-commercial use only - expires 2026-09-10
Set parameter Username
Set parameter LicenseID to value 2707036
Academic license - for non-commercial use only - expires 2026-09-10
S1✓ 
  Times: ECP=0.562s, ESH=0.714s, MILP=1.173s

================================================================================
TESTING 60% REDUCTION
================================================================================

--------------------------------------------------------------------------------
Reduction 60% - Case 1/5 (Sample #3)
--------------------------------------------------------------------------------
  y_factual = 99674.72
  y_target = 39869.89 (60% reduction)

  Running trials: Set parameter Username
Set parameter LicenseID to value 2707036
Academic license - for non-commercial use only - expires 2026-09-10
E1✓ Set parameter Username
Set parameter LicenseID to value 2707036
Academic license - for non-commercial use only - expires 2026-09-10
E2✓ Factual: y = 99674.72
Target: y = 39869.8875 ± 79.73977500000001
Parameters: sparsity=0.05, time_limit=600.0s
Set parameter Username
Set parameter LicenseID to value 2707036
Academic license - for non-commercial use only - expires 2026-09-10
Solving MIP...
✓ Found counterfactual!
  Distance: 23.5313
  Changed features: 24/236
  Predicted value: 39949.6273
  Target error: 79.739775
  Solve time: 1.18s
M1✓ Set parameter Username
Set parameter LicenseID to value 2707036
Academic license - for non-commercial use only - expires 2026-09-10
Set parameter Username
Set parameter LicenseID to value 2707036
Academic license - for non-commercial use only - expires 2026-09-10
S1✓ Set parameter Username
Set parameter LicenseID to value 2707036
Academic license - for non-commercial use only - expires 2026-09-10
E3✓ Set parameter Username
Set parameter LicenseID to value 2707036
Academic license - for non-commercial use only - expires 2026-09-10
Set parameter Username
Set parameter LicenseID to value 2707036
Academic license - for non-commercial use only - expires 2026-09-10
S2✓ Factual: y = 99674.72
Target: y = 39869.8875 ± 79.73977500000001
Parameters: sparsity=0.05, time_limit=600.0s
Set parameter Username
Set parameter LicenseID to value 2707036
Academic license - for non-commercial use only - expires 2026-09-10
Solving MIP...
✓ Found counterfactual!
  Distance: 23.5313
  Changed features: 24/236
  Predicted value: 39949.6273
  Target error: 79.739775
  Solve time: 1.18s
M2✓ Factual: y = 99674.72
Target: y = 39869.8875 ± 79.73977500000001
Parameters: sparsity=0.05, time_limit=600.0s
Set parameter Username
Set parameter LicenseID to value 2707036
Academic license - for non-commercial use only - expires 2026-09-10
Solving MIP...
✓ Found counterfactual!
  Distance: 23.5313
  Changed features: 24/236
  Predicted value: 39949.6273
  Target error: 79.739775
  Solve time: 1.1s
M3✓ Set parameter Username
Set parameter LicenseID to value 2707036
Academic license - for non-commercial use only - expires 2026-09-10
Set parameter Username
Set parameter LicenseID to value 2707036
Academic license - for non-commercial use only - expires 2026-09-10
S3✓ 
  Times: ECP=3.965s, ESH=4.452s, MILP=1.151s

--------------------------------------------------------------------------------
Reduction 60% - Case 2/5 (Sample #4)
--------------------------------------------------------------------------------
  y_factual = 95440.16
  y_target = 38176.07 (60% reduction)

  Running trials: Factual: y = 95440.164
Target: y = 38176.0656 ± 76.35213125000001
Parameters: sparsity=0.05, time_limit=600.0s
Set parameter Username
Set parameter LicenseID to value 2707036
Academic license - for non-commercial use only - expires 2026-09-10
Solving MIP...
✓ Found counterfactual!
  Distance: 22.6252
  Changed features: 25/236
  Predicted value: 38252.4178
  Target error: 76.352131
  Solve time: 1.56s
M1✓ Set parameter Username
Set parameter LicenseID to value 2707036
Academic license - for non-commercial use only - expires 2026-09-10
E1✗ Set parameter Username
Set parameter LicenseID to value 2707036
Academic license - for non-commercial use only - expires 2026-09-10
E2✗ Factual: y = 95440.164
Target: y = 38176.0656 ± 76.35213125000001
Parameters: sparsity=0.05, time_limit=600.0s
Set parameter Username
Set parameter LicenseID to value 2707036
Academic license - for non-commercial use only - expires 2026-09-10
Solving MIP...
✓ Found counterfactual!
  Distance: 22.6252
  Changed features: 25/236
  Predicted value: 38252.4178
  Target error: 76.352131
  Solve time: 1.58s
M2✓ Set parameter Username
Set parameter LicenseID to value 2707036
Academic license - for non-commercial use only - expires 2026-09-10
Set parameter Username
Set parameter LicenseID to value 2707036
Academic license - for non-commercial use only - expires 2026-09-10
S3✗ Factual: y = 95440.164
Target: y = 38176.0656 ± 76.35213125000001
Parameters: sparsity=0.05, time_limit=600.0s
Set parameter Username
Set parameter LicenseID to value 2707036
Academic license - for non-commercial use only - expires 2026-09-10
Solving MIP...
✓ Found counterfactual!
  Distance: 22.6252
  Changed features: 25/236
  Predicted value: 38252.4178
  Target error: 76.352131
  Solve time: 1.56s
M3✓ Set parameter Username
Set parameter LicenseID to value 2707036
Academic license - for non-commercial use only - expires 2026-09-10
Set parameter Username
Set parameter LicenseID to value 2707036
Academic license - for non-commercial use only - expires 2026-09-10
S2✗ Set parameter Username
Set parameter LicenseID to value 2707036
Academic license - for non-commercial use only - expires 2026-09-10
Set parameter Username
Set parameter LicenseID to value 2707036
Academic license - for non-commercial use only - expires 2026-09-10
S1✗ Set parameter Username
Set parameter LicenseID to value 2707036
Academic license - for non-commercial use only - expires 2026-09-10
E3✗ 
  Times: ECP=NaNs, ESH=NaNs, MILP=1.563s

--------------------------------------------------------------------------------
Reduction 60% - Case 3/5 (Sample #12)
--------------------------------------------------------------------------------
  y_factual = 96844.52
  y_target = 38737.81 (60% reduction)

  Running trials: Factual: y = 96844.516
Target: y = 38737.8062 ± 77.47561250000001
Parameters: sparsity=0.05, time_limit=600.0s
Set parameter Username
Set parameter LicenseID to value 2707036
Academic license - for non-commercial use only - expires 2026-09-10
Solving MIP...
✓ Found counterfactual!
  Distance: 22.9267
  Changed features: 23/236
  Predicted value: 38815.2819
  Target error: 77.475612
  Solve time: 1.61s
M1✓ Factual: y = 96844.516
Target: y = 38737.8062 ± 77.47561250000001
Parameters: sparsity=0.05, time_limit=600.0s
Set parameter Username
Set parameter LicenseID to value 2707036
Academic license - for non-commercial use only - expires 2026-09-10
Solving MIP...
✓ Found counterfactual!
  Distance: 22.9267
  Changed features: 23/236
  Predicted value: 38815.2819
  Target error: 77.475612
  Solve time: 1.79s
M2✓ Set parameter Username
Set parameter LicenseID to value 2707036
Academic license - for non-commercial use only - expires 2026-09-10
E2✗ Set parameter Username
Set parameter LicenseID to value 2707036
Academic license - for non-commercial use only - expires 2026-09-10
Set parameter Username
Set parameter LicenseID to value 2707036
Academic license - for non-commercial use only - expires 2026-09-10
S2✗ Set parameter Username
Set parameter LicenseID to value 2707036
Academic license - for non-commercial use only - expires 2026-09-10
Set parameter Username
Set parameter LicenseID to value 2707036
Academic license - for non-commercial use only - expires 2026-09-10
S1✗ Set parameter Username
Set parameter LicenseID to value 2707036
Academic license - for non-commercial use only - expires 2026-09-10
E1✗ Set parameter Username
Set parameter LicenseID to value 2707036
Academic license - for non-commercial use only - expires 2026-09-10
Set parameter Username
Set parameter LicenseID to value 2707036
Academic license - for non-commercial use only - expires 2026-09-10
S3✗ Factual: y = 96844.516
Target: y = 38737.8062 ± 77.47561250000001
Parameters: sparsity=0.05, time_limit=600.0s
Set parameter Username
Set parameter LicenseID to value 2707036
Academic license - for non-commercial use only - expires 2026-09-10
Solving MIP...
✓ Found counterfactual!
  Distance: 22.9267
  Changed features: 23/236
  Predicted value: 38815.2819
  Target error: 77.475612
  Solve time: 1.56s
M3✓ Set parameter Username
Set parameter LicenseID to value 2707036
Academic license - for non-commercial use only - expires 2026-09-10
E3✗ 
  Times: ECP=NaNs, ESH=NaNs, MILP=1.655s

================================================================================
SAVING RESULTS
================================================================================
✓ Results saved to: /home/gabemed/purdue/ICNN-conterfatual/examples/../tmp/benchmark_results/multiple_reductions_results.csv

================================================================================
SUMMARY BY REDUCTION TARGET
================================================================================

20% Reduction:
  ECP:  0.487s
  ESH:  0.513s
  MILP: 0.973s

30% Reduction:
  ECP:  1.7s
  ESH:  1.965s
  MILP: 1.253s

40% Reduction:
  ECP:  3.193s
  ESH:  3.362s
  MILP: 1.121s

50% Reduction:
  ECP:  0.939s
  ESH:  0.881s
  MILP: 1.254s

60% Reduction:
  ECP:  NaNs
  ESH:  NaNs
  MILP: 1.456s

================================================================================
Benchmark complete!
================================================================================
